Component: ARM Compiler 5.06 update 4 (build 422) Tool: armlink [4d35d2]

==============================================================================

Section Cross References

    common.o(i.FLASH_DisableWriteProtectionPages) refers to stm32f10x_flash.o(i.FLASH_GetWriteProtectionOptionByte) for FLASH_GetWriteProtectionOptionByte
    common.o(i.FLASH_DisableWriteProtectionPages) refers to stm32f10x_flash.o(i.FLASH_GetUserOptionByte) for FLASH_GetUserOptionByte
    common.o(i.FLASH_DisableWriteProtectionPages) refers to stm32f10x_flash.o(i.FLASH_EraseOptionBytes) for FLASH_EraseOptionBytes
    common.o(i.FLASH_DisableWriteProtectionPages) refers to stm32f10x_flash.o(i.FLASH_EnableWriteProtection) for FLASH_EnableWriteProtection
    common.o(i.FLASH_DisableWriteProtectionPages) refers to stm32f10x_flash.o(i.FLASH_UserOptionByteConfig) for FLASH_UserOptionByteConfig
    common.o(i.FLASH_DisableWriteProtectionPages) refers to common.o(i.Serial_PutString) for Serial_PutString
    common.o(i.FLASH_DisableWriteProtectionPages) refers to common.o(.data) for UserMemoryMask
    common.o(i.FLASH_DisableWriteProtectionPages) refers to common.o(.conststring) for .conststring
    common.o(i.GetInputString) refers to common.o(i.GetKey) for GetKey
    common.o(i.GetInputString) refers to common.o(i.Serial_PutString) for Serial_PutString
    common.o(i.GetInputString) refers to common.o(i.SerialPutChar) for SerialPutChar
    common.o(i.GetIntegerInput) refers to common.o(i.GetInputString) for GetInputString
    common.o(i.GetIntegerInput) refers to common.o(i.Serial_PutString) for Serial_PutString
    common.o(i.GetIntegerInput) refers to common.o(i.Str2Int) for Str2Int
    common.o(i.GetKey) refers to common.o(i.SerialKeyPressed) for SerialKeyPressed
    common.o(i.Main_Menu) refers to stm32f10x_flash.o(i.FLASH_GetWriteProtectionOptionByte) for FLASH_GetWriteProtectionOptionByte
    common.o(i.Main_Menu) refers to common.o(i.Serial_PutString) for Serial_PutString
    common.o(i.Main_Menu) refers to common.o(i.GetKey) for GetKey
    common.o(i.Main_Menu) refers to download.o(i.SerialDownload) for SerialDownload
    common.o(i.Main_Menu) refers to core_cm3.o(.emb_text) for __set_MSP
    common.o(i.Main_Menu) refers to common.o(i.FLASH_DisableWriteProtectionPages) for FLASH_DisableWriteProtectionPages
    common.o(i.Main_Menu) refers to ymodem.o(.data) for FlashDestination
    common.o(i.Main_Menu) refers to common.o(.data) for BlockNbr
    common.o(i.SerialKeyPressed) refers to stm32f10x_usart.o(i.USART_GetFlagStatus) for USART_GetFlagStatus
    common.o(i.SerialPutChar) refers to stm32f10x_usart.o(i.USART_SendData) for USART_SendData
    common.o(i.SerialPutChar) refers to stm32f10x_usart.o(i.USART_GetFlagStatus) for USART_GetFlagStatus
    common.o(i.Serial_PutString) refers to common.o(i.SerialPutChar) for SerialPutChar
    download.o(i.SerialDownload) refers to common.o(i.Serial_PutString) for Serial_PutString
    download.o(i.SerialDownload) refers to ymodem.o(i.Ymodem_Receive) for Ymodem_Receive
    download.o(i.SerialDownload) refers to common.o(i.Int2Str) for Int2Str
    download.o(i.SerialDownload) refers to download.o(.bss) for tab_1024
    download.o(i.SerialDownload) refers to download.o(.conststring) for .conststring
    download.o(i.SerialDownload) refers to ymodem.o(.bss) for file_name
    main.o(i.IAP_Flag_Init) refers to stm32f10x_rcc.o(i.RCC_APB2PeriphClockCmd) for RCC_APB2PeriphClockCmd
    main.o(i.IAP_Flag_Init) refers to stm32f10x_gpio.o(i.GPIO_Init) for GPIO_Init
    main.o(i.IAP_Init) refers to stm32f10x_rcc.o(i.RCC_APB2PeriphClockCmd) for RCC_APB2PeriphClockCmd
    main.o(i.IAP_Init) refers to stm32f10x_gpio.o(i.GPIO_PinRemapConfig) for GPIO_PinRemapConfig
    main.o(i.IAP_Init) refers to stm32f10x_gpio.o(i.GPIO_Init) for GPIO_Init
    main.o(i.IAP_Init) refers to stm32f10x_usart.o(i.USART_Init) for USART_Init
    main.o(i.IAP_Init) refers to stm32f10x_usart.o(i.USART_Cmd) for USART_Cmd
    main.o(i.main) refers to stm32f10x_flash.o(i.FLASH_Unlock) for FLASH_Unlock
    main.o(i.main) refers to main.o(i.IAP_Flag_Init) for IAP_Flag_Init
    main.o(i.main) refers to stm32f10x_gpio.o(i.GPIO_ReadInputDataBit) for GPIO_ReadInputDataBit
    main.o(i.main) refers to main.o(i.IAP_Init) for IAP_Init
    main.o(i.main) refers to common.o(i.Serial_PutString) for Serial_PutString
    main.o(i.main) refers to common.o(i.Main_Menu) for Main_Menu
    main.o(i.main) refers to core_cm3.o(.emb_text) for __set_MSP
    main.o(i.main) refers to main.o(.data) for key_flag
    main.o(i.main) refers to main.o(.conststring) for .conststring
    main.o(i.main) refers to common.o(.data) for JumpAddress
    stm32f10x_it.o(i.ADC1_2_IRQHandler) refers to stm32f10x_it.o(i.m_enter_func) for m_enter_func
    stm32f10x_it.o(i.ADC3_IRQHandler) refers to stm32f10x_it.o(i.m_enter_func) for m_enter_func
    stm32f10x_it.o(i.CAN1_RX1_IRQHandler) refers to stm32f10x_it.o(i.m_enter_func) for m_enter_func
    stm32f10x_it.o(i.CAN1_SCE_IRQHandler) refers to stm32f10x_it.o(i.m_enter_func) for m_enter_func
    stm32f10x_it.o(i.DMA1_Channel1_IRQHandler) refers to stm32f10x_it.o(i.m_enter_func) for m_enter_func
    stm32f10x_it.o(i.DMA1_Channel2_IRQHandler) refers to stm32f10x_it.o(i.m_enter_func) for m_enter_func
    stm32f10x_it.o(i.DMA1_Channel3_IRQHandler) refers to stm32f10x_it.o(i.m_enter_func) for m_enter_func
    stm32f10x_it.o(i.DMA1_Channel4_IRQHandler) refers to stm32f10x_it.o(i.m_enter_func) for m_enter_func
    stm32f10x_it.o(i.DMA1_Channel5_IRQHandler) refers to stm32f10x_it.o(i.m_enter_func) for m_enter_func
    stm32f10x_it.o(i.DMA1_Channel6_IRQHandler) refers to stm32f10x_it.o(i.m_enter_func) for m_enter_func
    stm32f10x_it.o(i.DMA1_Channel7_IRQHandler) refers to stm32f10x_it.o(i.m_enter_func) for m_enter_func
    stm32f10x_it.o(i.DMA2_Channel1_IRQHandler) refers to stm32f10x_it.o(i.m_enter_func) for m_enter_func
    stm32f10x_it.o(i.DMA2_Channel2_IRQHandler) refers to stm32f10x_it.o(i.m_enter_func) for m_enter_func
    stm32f10x_it.o(i.DMA2_Channel3_IRQHandler) refers to stm32f10x_it.o(i.m_enter_func) for m_enter_func
    stm32f10x_it.o(i.DMA2_Channel4_5_IRQHandler) refers to stm32f10x_it.o(i.m_enter_func) for m_enter_func
    stm32f10x_it.o(i.EXTI0_IRQHandler) refers to stm32f10x_it.o(i.m_enter_func) for m_enter_func
    stm32f10x_it.o(i.EXTI15_10_IRQHandler) refers to stm32f10x_it.o(i.m_enter_func) for m_enter_func
    stm32f10x_it.o(i.EXTI1_IRQHandler) refers to stm32f10x_it.o(i.m_enter_func) for m_enter_func
    stm32f10x_it.o(i.EXTI2_IRQHandler) refers to stm32f10x_it.o(i.m_enter_func) for m_enter_func
    stm32f10x_it.o(i.EXTI3_IRQHandler) refers to stm32f10x_it.o(i.m_enter_func) for m_enter_func
    stm32f10x_it.o(i.EXTI4_IRQHandler) refers to stm32f10x_it.o(i.m_enter_func) for m_enter_func
    stm32f10x_it.o(i.EXTI9_5_IRQHandler) refers to stm32f10x_it.o(i.m_enter_func) for m_enter_func
    stm32f10x_it.o(i.FLASH_IRQHandler) refers to stm32f10x_it.o(i.m_enter_func) for m_enter_func
    stm32f10x_it.o(i.FSMC_IRQHandler) refers to stm32f10x_it.o(i.m_enter_func) for m_enter_func
    stm32f10x_it.o(i.HardFault_Handler) refers to stm32f10x_it.o(.emb_text) for wait
    stm32f10x_it.o(i.I2C1_ER_IRQHandler) refers to stm32f10x_it.o(i.m_enter_func) for m_enter_func
    stm32f10x_it.o(i.I2C1_EV_IRQHandler) refers to stm32f10x_it.o(i.m_enter_func) for m_enter_func
    stm32f10x_it.o(i.I2C2_ER_IRQHandler) refers to stm32f10x_it.o(i.m_enter_func) for m_enter_func
    stm32f10x_it.o(i.I2C2_EV_IRQHandler) refers to stm32f10x_it.o(i.m_enter_func) for m_enter_func
    stm32f10x_it.o(i.PVD_IRQHandler) refers to stm32f10x_it.o(i.m_enter_func) for m_enter_func
    stm32f10x_it.o(i.RCC_IRQHandler) refers to stm32f10x_it.o(i.m_enter_func) for m_enter_func
    stm32f10x_it.o(i.RTCAlarm_IRQHandler) refers to stm32f10x_it.o(i.m_enter_func) for m_enter_func
    stm32f10x_it.o(i.RTC_IRQHandler) refers to stm32f10x_it.o(i.m_enter_func) for m_enter_func
    stm32f10x_it.o(i.SDIO_IRQHandler) refers to stm32f10x_it.o(i.m_enter_func) for m_enter_func
    stm32f10x_it.o(i.SPI1_IRQHandler) refers to stm32f10x_it.o(i.m_enter_func) for m_enter_func
    stm32f10x_it.o(i.SPI2_IRQHandler) refers to stm32f10x_it.o(i.m_enter_func) for m_enter_func
    stm32f10x_it.o(i.SPI3_IRQHandler) refers to stm32f10x_it.o(i.m_enter_func) for m_enter_func
    stm32f10x_it.o(i.TAMPER_IRQHandler) refers to stm32f10x_it.o(i.m_enter_func) for m_enter_func
    stm32f10x_it.o(i.TIM1_BRK_IRQHandler) refers to stm32f10x_it.o(i.m_enter_func) for m_enter_func
    stm32f10x_it.o(i.TIM1_CC_IRQHandler) refers to stm32f10x_it.o(i.m_enter_func) for m_enter_func
    stm32f10x_it.o(i.TIM1_TRG_COM_IRQHandler) refers to stm32f10x_it.o(i.m_enter_func) for m_enter_func
    stm32f10x_it.o(i.TIM1_UP_IRQHandler) refers to stm32f10x_it.o(i.m_enter_func) for m_enter_func
    stm32f10x_it.o(i.TIM2_IRQHandler) refers to stm32f10x_it.o(i.m_enter_func) for m_enter_func
    stm32f10x_it.o(i.TIM3_IRQHandler) refers to stm32f10x_it.o(i.m_enter_func) for m_enter_func
    stm32f10x_it.o(i.TIM4_IRQHandler) refers to stm32f10x_it.o(i.m_enter_func) for m_enter_func
    stm32f10x_it.o(i.TIM5_IRQHandler) refers to stm32f10x_it.o(i.m_enter_func) for m_enter_func
    stm32f10x_it.o(i.TIM6_IRQHandler) refers to stm32f10x_it.o(i.m_enter_func) for m_enter_func
    stm32f10x_it.o(i.TIM7_IRQHandler) refers to stm32f10x_it.o(i.m_enter_func) for m_enter_func
    stm32f10x_it.o(i.TIM8_BRK_IRQHandler) refers to stm32f10x_it.o(i.m_enter_func) for m_enter_func
    stm32f10x_it.o(i.TIM8_CC_IRQHandler) refers to stm32f10x_it.o(i.m_enter_func) for m_enter_func
    stm32f10x_it.o(i.TIM8_TRG_COM_IRQHandler) refers to stm32f10x_it.o(i.m_enter_func) for m_enter_func
    stm32f10x_it.o(i.TIM8_UP_IRQHandler) refers to stm32f10x_it.o(i.m_enter_func) for m_enter_func
    stm32f10x_it.o(i.UART4_IRQHandler) refers to stm32f10x_it.o(i.m_enter_func) for m_enter_func
    stm32f10x_it.o(i.UART5_IRQHandler) refers to stm32f10x_it.o(i.m_enter_func) for m_enter_func
    stm32f10x_it.o(i.USART1_IRQHandler) refers to stm32f10x_it.o(i.m_enter_func) for m_enter_func
    stm32f10x_it.o(i.USART2_IRQHandler) refers to stm32f10x_it.o(i.m_enter_func) for m_enter_func
    stm32f10x_it.o(i.USART3_IRQHandler) refers to stm32f10x_it.o(i.m_enter_func) for m_enter_func
    stm32f10x_it.o(i.USBWakeUp_IRQHandler) refers to stm32f10x_it.o(i.m_enter_func) for m_enter_func
    stm32f10x_it.o(i.USB_HP_CAN1_TX_IRQHandler) refers to stm32f10x_it.o(i.m_enter_func) for m_enter_func
    stm32f10x_it.o(i.USB_LP_CAN1_RX0_IRQHandler) refers to stm32f10x_it.o(i.m_enter_func) for m_enter_func
    stm32f10x_it.o(i.WWDG_IRQHandler) refers to stm32f10x_it.o(i.m_enter_func) for m_enter_func
    ymodem.o(i.Cal_CRC16) refers to ymodem.o(i.UpdateCRC16) for UpdateCRC16
    ymodem.o(i.Receive_Byte) refers to common.o(i.SerialKeyPressed) for SerialKeyPressed
    ymodem.o(i.Receive_Packet) refers to ymodem.o(i.Receive_Byte) for Receive_Byte
    ymodem.o(i.Send_Byte) refers to common.o(i.SerialPutChar) for SerialPutChar
    ymodem.o(i.Ymodem_PrepareIntialPacket) refers to common.o(i.Int2Str) for Int2Str
    ymodem.o(i.Ymodem_Receive) refers to ymodem.o(i.Receive_Packet) for Receive_Packet
    ymodem.o(i.Ymodem_Receive) refers to ymodem.o(i.Send_Byte) for Send_Byte
    ymodem.o(i.Ymodem_Receive) refers to common.o(i.Str2Int) for Str2Int
    ymodem.o(i.Ymodem_Receive) refers to common.o(i.FLASH_PagesMask) for FLASH_PagesMask
    ymodem.o(i.Ymodem_Receive) refers to stm32f10x_flash.o(i.FLASH_ErasePage) for FLASH_ErasePage
    ymodem.o(i.Ymodem_Receive) refers to memcpya.o(.text) for __aeabi_memcpy
    ymodem.o(i.Ymodem_Receive) refers to stm32f10x_flash.o(i.FLASH_ProgramWord) for FLASH_ProgramWord
    ymodem.o(i.Ymodem_Receive) refers to ymodem.o(.data) for FlashDestination
    ymodem.o(i.Ymodem_Receive) refers to ymodem.o(.bss) for file_name
    ymodem.o(i.Ymodem_SendPacket) refers to ymodem.o(i.Send_Byte) for Send_Byte
    ymodem.o(i.Ymodem_Transmit) refers to ymodem.o(i.Ymodem_PrepareIntialPacket) for Ymodem_PrepareIntialPacket
    ymodem.o(i.Ymodem_Transmit) refers to ymodem.o(i.Ymodem_SendPacket) for Ymodem_SendPacket
    ymodem.o(i.Ymodem_Transmit) refers to ymodem.o(i.Cal_CRC16) for Cal_CRC16
    ymodem.o(i.Ymodem_Transmit) refers to ymodem.o(i.Send_Byte) for Send_Byte
    ymodem.o(i.Ymodem_Transmit) refers to ymodem.o(i.CalChecksum) for CalChecksum
    ymodem.o(i.Ymodem_Transmit) refers to ymodem.o(i.Receive_Byte) for Receive_Byte
    ymodem.o(i.Ymodem_Transmit) refers to ymodem.o(i.Ymodem_PreparePacket) for Ymodem_PreparePacket
    stm32f10x_flash.o(i.FLASH_EnableWriteProtection) refers to stm32f10x_flash.o(i.FLASH_WaitForLastOperation) for FLASH_WaitForLastOperation
    stm32f10x_flash.o(i.FLASH_EraseAllBank1Pages) refers to stm32f10x_flash.o(i.FLASH_WaitForLastBank1Operation) for FLASH_WaitForLastBank1Operation
    stm32f10x_flash.o(i.FLASH_EraseAllPages) refers to stm32f10x_flash.o(i.FLASH_WaitForLastOperation) for FLASH_WaitForLastOperation
    stm32f10x_flash.o(i.FLASH_EraseOptionBytes) refers to stm32f10x_flash.o(i.FLASH_GetReadOutProtectionStatus) for FLASH_GetReadOutProtectionStatus
    stm32f10x_flash.o(i.FLASH_EraseOptionBytes) refers to stm32f10x_flash.o(i.FLASH_WaitForLastOperation) for FLASH_WaitForLastOperation
    stm32f10x_flash.o(i.FLASH_ErasePage) refers to stm32f10x_flash.o(i.FLASH_WaitForLastOperation) for FLASH_WaitForLastOperation
    stm32f10x_flash.o(i.FLASH_ProgramHalfWord) refers to stm32f10x_flash.o(i.FLASH_WaitForLastOperation) for FLASH_WaitForLastOperation
    stm32f10x_flash.o(i.FLASH_ProgramOptionByteData) refers to stm32f10x_flash.o(i.FLASH_WaitForLastOperation) for FLASH_WaitForLastOperation
    stm32f10x_flash.o(i.FLASH_ProgramWord) refers to stm32f10x_flash.o(i.FLASH_WaitForLastOperation) for FLASH_WaitForLastOperation
    stm32f10x_flash.o(i.FLASH_ReadOutProtection) refers to stm32f10x_flash.o(i.FLASH_WaitForLastOperation) for FLASH_WaitForLastOperation
    stm32f10x_flash.o(i.FLASH_UserOptionByteConfig) refers to stm32f10x_flash.o(i.FLASH_WaitForLastOperation) for FLASH_WaitForLastOperation
    stm32f10x_flash.o(i.FLASH_WaitForLastBank1Operation) refers to stm32f10x_flash.o(i.FLASH_GetBank1Status) for FLASH_GetBank1Status
    stm32f10x_flash.o(i.FLASH_WaitForLastOperation) refers to stm32f10x_flash.o(i.FLASH_GetBank1Status) for FLASH_GetBank1Status
    stm32f10x_gpio.o(i.GPIO_AFIODeInit) refers to stm32f10x_rcc.o(i.RCC_APB2PeriphResetCmd) for RCC_APB2PeriphResetCmd
    stm32f10x_gpio.o(i.GPIO_DeInit) refers to stm32f10x_rcc.o(i.RCC_APB2PeriphResetCmd) for RCC_APB2PeriphResetCmd
    stm32f10x_rcc.o(i.RCC_GetClocksFreq) refers to stm32f10x_rcc.o(.data) for APBAHBPrescTable
    stm32f10x_rcc.o(i.RCC_WaitForHSEStartUp) refers to stm32f10x_rcc.o(i.RCC_GetFlagStatus) for RCC_GetFlagStatus
    stm32f10x_usart.o(i.USART_DeInit) refers to stm32f10x_rcc.o(i.RCC_APB2PeriphResetCmd) for RCC_APB2PeriphResetCmd
    stm32f10x_usart.o(i.USART_DeInit) refers to stm32f10x_rcc.o(i.RCC_APB1PeriphResetCmd) for RCC_APB1PeriphResetCmd
    stm32f10x_usart.o(i.USART_Init) refers to stm32f10x_rcc.o(i.RCC_GetClocksFreq) for RCC_GetClocksFreq
    system_stm32f10x.o(i.SetSysClock) refers to system_stm32f10x.o(i.SetSysClockTo72) for SetSysClockTo72
    system_stm32f10x.o(i.SystemCoreClockUpdate) refers to system_stm32f10x.o(.data) for SystemCoreClock
    system_stm32f10x.o(i.SystemInit) refers to system_stm32f10x.o(i.SetSysClock) for SetSysClock
    startup_stm32f10x_hd.o(RESET) refers to startup_stm32f10x_hd.o(STACK) for __initial_sp
    startup_stm32f10x_hd.o(RESET) refers to startup_stm32f10x_hd.o(.text) for Reset_Handler
    startup_stm32f10x_hd.o(RESET) refers to stm32f10x_it.o(i.NMI_Handler) for NMI_Handler
    startup_stm32f10x_hd.o(RESET) refers to stm32f10x_it.o(i.HardFault_Handler) for HardFault_Handler
    startup_stm32f10x_hd.o(RESET) refers to stm32f10x_it.o(i.MemManage_Handler) for MemManage_Handler
    startup_stm32f10x_hd.o(RESET) refers to stm32f10x_it.o(i.BusFault_Handler) for BusFault_Handler
    startup_stm32f10x_hd.o(RESET) refers to stm32f10x_it.o(i.UsageFault_Handler) for UsageFault_Handler
    startup_stm32f10x_hd.o(RESET) refers to stm32f10x_it.o(i.SVC_Handler) for SVC_Handler
    startup_stm32f10x_hd.o(RESET) refers to stm32f10x_it.o(i.DebugMon_Handler) for DebugMon_Handler
    startup_stm32f10x_hd.o(RESET) refers to stm32f10x_it.o(i.PendSV_Handler) for PendSV_Handler
    startup_stm32f10x_hd.o(RESET) refers to stm32f10x_it.o(i.SysTick_Handler) for SysTick_Handler
    startup_stm32f10x_hd.o(RESET) refers to stm32f10x_it.o(i.WWDG_IRQHandler) for WWDG_IRQHandler
    startup_stm32f10x_hd.o(RESET) refers to stm32f10x_it.o(i.PVD_IRQHandler) for PVD_IRQHandler
    startup_stm32f10x_hd.o(RESET) refers to stm32f10x_it.o(i.TAMPER_IRQHandler) for TAMPER_IRQHandler
    startup_stm32f10x_hd.o(RESET) refers to stm32f10x_it.o(i.RTC_IRQHandler) for RTC_IRQHandler
    startup_stm32f10x_hd.o(RESET) refers to stm32f10x_it.o(i.FLASH_IRQHandler) for FLASH_IRQHandler
    startup_stm32f10x_hd.o(RESET) refers to stm32f10x_it.o(i.RCC_IRQHandler) for RCC_IRQHandler
    startup_stm32f10x_hd.o(RESET) refers to stm32f10x_it.o(i.EXTI0_IRQHandler) for EXTI0_IRQHandler
    startup_stm32f10x_hd.o(RESET) refers to stm32f10x_it.o(i.EXTI1_IRQHandler) for EXTI1_IRQHandler
    startup_stm32f10x_hd.o(RESET) refers to stm32f10x_it.o(i.EXTI2_IRQHandler) for EXTI2_IRQHandler
    startup_stm32f10x_hd.o(RESET) refers to stm32f10x_it.o(i.EXTI3_IRQHandler) for EXTI3_IRQHandler
    startup_stm32f10x_hd.o(RESET) refers to stm32f10x_it.o(i.EXTI4_IRQHandler) for EXTI4_IRQHandler
    startup_stm32f10x_hd.o(RESET) refers to stm32f10x_it.o(i.DMA1_Channel1_IRQHandler) for DMA1_Channel1_IRQHandler
    startup_stm32f10x_hd.o(RESET) refers to stm32f10x_it.o(i.DMA1_Channel2_IRQHandler) for DMA1_Channel2_IRQHandler
    startup_stm32f10x_hd.o(RESET) refers to stm32f10x_it.o(i.DMA1_Channel3_IRQHandler) for DMA1_Channel3_IRQHandler
    startup_stm32f10x_hd.o(RESET) refers to stm32f10x_it.o(i.DMA1_Channel4_IRQHandler) for DMA1_Channel4_IRQHandler
    startup_stm32f10x_hd.o(RESET) refers to stm32f10x_it.o(i.DMA1_Channel5_IRQHandler) for DMA1_Channel5_IRQHandler
    startup_stm32f10x_hd.o(RESET) refers to stm32f10x_it.o(i.DMA1_Channel6_IRQHandler) for DMA1_Channel6_IRQHandler
    startup_stm32f10x_hd.o(RESET) refers to stm32f10x_it.o(i.DMA1_Channel7_IRQHandler) for DMA1_Channel7_IRQHandler
    startup_stm32f10x_hd.o(RESET) refers to stm32f10x_it.o(i.ADC1_2_IRQHandler) for ADC1_2_IRQHandler
    startup_stm32f10x_hd.o(RESET) refers to stm32f10x_it.o(i.USB_HP_CAN1_TX_IRQHandler) for USB_HP_CAN1_TX_IRQHandler
    startup_stm32f10x_hd.o(RESET) refers to stm32f10x_it.o(i.USB_LP_CAN1_RX0_IRQHandler) for USB_LP_CAN1_RX0_IRQHandler
    startup_stm32f10x_hd.o(RESET) refers to stm32f10x_it.o(i.CAN1_RX1_IRQHandler) for CAN1_RX1_IRQHandler
    startup_stm32f10x_hd.o(RESET) refers to stm32f10x_it.o(i.CAN1_SCE_IRQHandler) for CAN1_SCE_IRQHandler
    startup_stm32f10x_hd.o(RESET) refers to stm32f10x_it.o(i.EXTI9_5_IRQHandler) for EXTI9_5_IRQHandler
    startup_stm32f10x_hd.o(RESET) refers to stm32f10x_it.o(i.TIM1_BRK_IRQHandler) for TIM1_BRK_IRQHandler
    startup_stm32f10x_hd.o(RESET) refers to stm32f10x_it.o(i.TIM1_UP_IRQHandler) for TIM1_UP_IRQHandler
    startup_stm32f10x_hd.o(RESET) refers to stm32f10x_it.o(i.TIM1_TRG_COM_IRQHandler) for TIM1_TRG_COM_IRQHandler
    startup_stm32f10x_hd.o(RESET) refers to stm32f10x_it.o(i.TIM1_CC_IRQHandler) for TIM1_CC_IRQHandler
    startup_stm32f10x_hd.o(RESET) refers to stm32f10x_it.o(i.TIM2_IRQHandler) for TIM2_IRQHandler
    startup_stm32f10x_hd.o(RESET) refers to stm32f10x_it.o(i.TIM3_IRQHandler) for TIM3_IRQHandler
    startup_stm32f10x_hd.o(RESET) refers to stm32f10x_it.o(i.TIM4_IRQHandler) for TIM4_IRQHandler
    startup_stm32f10x_hd.o(RESET) refers to stm32f10x_it.o(i.I2C1_EV_IRQHandler) for I2C1_EV_IRQHandler
    startup_stm32f10x_hd.o(RESET) refers to stm32f10x_it.o(i.I2C1_ER_IRQHandler) for I2C1_ER_IRQHandler
    startup_stm32f10x_hd.o(RESET) refers to stm32f10x_it.o(i.I2C2_EV_IRQHandler) for I2C2_EV_IRQHandler
    startup_stm32f10x_hd.o(RESET) refers to stm32f10x_it.o(i.I2C2_ER_IRQHandler) for I2C2_ER_IRQHandler
    startup_stm32f10x_hd.o(RESET) refers to stm32f10x_it.o(i.SPI1_IRQHandler) for SPI1_IRQHandler
    startup_stm32f10x_hd.o(RESET) refers to stm32f10x_it.o(i.SPI2_IRQHandler) for SPI2_IRQHandler
    startup_stm32f10x_hd.o(RESET) refers to stm32f10x_it.o(i.USART1_IRQHandler) for USART1_IRQHandler
    startup_stm32f10x_hd.o(RESET) refers to stm32f10x_it.o(i.USART2_IRQHandler) for USART2_IRQHandler
    startup_stm32f10x_hd.o(RESET) refers to stm32f10x_it.o(i.USART3_IRQHandler) for USART3_IRQHandler
    startup_stm32f10x_hd.o(RESET) refers to stm32f10x_it.o(i.EXTI15_10_IRQHandler) for EXTI15_10_IRQHandler
    startup_stm32f10x_hd.o(RESET) refers to stm32f10x_it.o(i.RTCAlarm_IRQHandler) for RTCAlarm_IRQHandler
    startup_stm32f10x_hd.o(RESET) refers to stm32f10x_it.o(i.USBWakeUp_IRQHandler) for USBWakeUp_IRQHandler
    startup_stm32f10x_hd.o(RESET) refers to stm32f10x_it.o(i.TIM8_BRK_IRQHandler) for TIM8_BRK_IRQHandler
    startup_stm32f10x_hd.o(RESET) refers to stm32f10x_it.o(i.TIM8_UP_IRQHandler) for TIM8_UP_IRQHandler
    startup_stm32f10x_hd.o(RESET) refers to stm32f10x_it.o(i.TIM8_TRG_COM_IRQHandler) for TIM8_TRG_COM_IRQHandler
    startup_stm32f10x_hd.o(RESET) refers to stm32f10x_it.o(i.TIM8_CC_IRQHandler) for TIM8_CC_IRQHandler
    startup_stm32f10x_hd.o(RESET) refers to stm32f10x_it.o(i.ADC3_IRQHandler) for ADC3_IRQHandler
    startup_stm32f10x_hd.o(RESET) refers to stm32f10x_it.o(i.FSMC_IRQHandler) for FSMC_IRQHandler
    startup_stm32f10x_hd.o(RESET) refers to stm32f10x_it.o(i.SDIO_IRQHandler) for SDIO_IRQHandler
    startup_stm32f10x_hd.o(RESET) refers to stm32f10x_it.o(i.TIM5_IRQHandler) for TIM5_IRQHandler
    startup_stm32f10x_hd.o(RESET) refers to stm32f10x_it.o(i.SPI3_IRQHandler) for SPI3_IRQHandler
    startup_stm32f10x_hd.o(RESET) refers to stm32f10x_it.o(i.UART4_IRQHandler) for UART4_IRQHandler
    startup_stm32f10x_hd.o(RESET) refers to stm32f10x_it.o(i.UART5_IRQHandler) for UART5_IRQHandler
    startup_stm32f10x_hd.o(RESET) refers to stm32f10x_it.o(i.TIM6_IRQHandler) for TIM6_IRQHandler
    startup_stm32f10x_hd.o(RESET) refers to stm32f10x_it.o(i.TIM7_IRQHandler) for TIM7_IRQHandler
    startup_stm32f10x_hd.o(RESET) refers to stm32f10x_it.o(i.DMA2_Channel1_IRQHandler) for DMA2_Channel1_IRQHandler
    startup_stm32f10x_hd.o(RESET) refers to stm32f10x_it.o(i.DMA2_Channel2_IRQHandler) for DMA2_Channel2_IRQHandler
    startup_stm32f10x_hd.o(RESET) refers to stm32f10x_it.o(i.DMA2_Channel3_IRQHandler) for DMA2_Channel3_IRQHandler
    startup_stm32f10x_hd.o(RESET) refers to stm32f10x_it.o(i.DMA2_Channel4_5_IRQHandler) for DMA2_Channel4_5_IRQHandler
    startup_stm32f10x_hd.o(.text) refers to system_stm32f10x.o(i.SystemInit) for SystemInit
    startup_stm32f10x_hd.o(.text) refers to entry.o(.ARM.Collect$$$$00000000) for __main
    entry.o(.ARM.Collect$$$$00000000) refers (Special) to entry10a.o(.ARM.Collect$$$$0000000D) for __rt_final_cpp
    entry.o(.ARM.Collect$$$$00000000) refers (Special) to entry11a.o(.ARM.Collect$$$$0000000F) for __rt_final_exit
    entry.o(.ARM.Collect$$$$00000000) refers (Special) to entry7b.o(.ARM.Collect$$$$00000008) for _main_clock
    entry.o(.ARM.Collect$$$$00000000) refers (Special) to entry8b.o(.ARM.Collect$$$$0000000A) for _main_cpp_init
    entry.o(.ARM.Collect$$$$00000000) refers (Special) to entry9a.o(.ARM.Collect$$$$0000000B) for _main_init
    entry.o(.ARM.Collect$$$$00000000) refers (Special) to entry5.o(.ARM.Collect$$$$00000004) for _main_scatterload
    entry.o(.ARM.Collect$$$$00000000) refers (Special) to entry2.o(.ARM.Collect$$$$00000001) for _main_stk
    entry2.o(.ARM.Collect$$$$00000001) refers to entry2.o(.ARM.Collect$$$$00002712) for __lit__00000000
    entry2.o(.ARM.Collect$$$$00002712) refers to startup_stm32f10x_hd.o(STACK) for __initial_sp
    entry2.o(__vectab_stack_and_reset_area) refers to startup_stm32f10x_hd.o(STACK) for __initial_sp
    entry2.o(__vectab_stack_and_reset_area) refers to entry.o(.ARM.Collect$$$$00000000) for __main
    entry5.o(.ARM.Collect$$$$00000004) refers to init.o(.text) for __scatterload
    entry9a.o(.ARM.Collect$$$$0000000B) refers to main.o(i.main) for main
    entry9b.o(.ARM.Collect$$$$0000000C) refers to main.o(i.main) for main
    init.o(.text) refers to entry5.o(.ARM.Collect$$$$00000004) for __main_after_scatterload


==============================================================================

Removing Unused input sections from the image.

    Removing common.o(i.GetInputString), (132 bytes).
    Removing common.o(i.GetIntegerInput), (124 bytes).
    Removing ymodem.o(i.CalChecksum), (24 bytes).
    Removing ymodem.o(i.Cal_CRC16), (52 bytes).
    Removing ymodem.o(i.UpdateCRC16), (50 bytes).
    Removing ymodem.o(i.Ymodem_CheckResponse), (6 bytes).
    Removing ymodem.o(i.Ymodem_PrepareIntialPacket), (114 bytes).
    Removing ymodem.o(i.Ymodem_PreparePacket), (140 bytes).
    Removing ymodem.o(i.Ymodem_SendPacket), (26 bytes).
    Removing ymodem.o(i.Ymodem_Transmit), (624 bytes).
    Removing stm32f10x_dma.o(i.DMA_ClearFlag), (28 bytes).
    Removing stm32f10x_dma.o(i.DMA_ClearITPendingBit), (28 bytes).
    Removing stm32f10x_dma.o(i.DMA_Cmd), (24 bytes).
    Removing stm32f10x_dma.o(i.DMA_DeInit), (332 bytes).
    Removing stm32f10x_dma.o(i.DMA_GetCurrDataCounter), (8 bytes).
    Removing stm32f10x_dma.o(i.DMA_GetFlagStatus), (44 bytes).
    Removing stm32f10x_dma.o(i.DMA_GetITStatus), (44 bytes).
    Removing stm32f10x_dma.o(i.DMA_ITConfig), (18 bytes).
    Removing stm32f10x_dma.o(i.DMA_Init), (60 bytes).
    Removing stm32f10x_dma.o(i.DMA_SetCurrDataCounter), (4 bytes).
    Removing stm32f10x_dma.o(i.DMA_StructInit), (26 bytes).
    Removing stm32f10x_exti.o(i.EXTI_ClearFlag), (12 bytes).
    Removing stm32f10x_exti.o(i.EXTI_ClearITPendingBit), (12 bytes).
    Removing stm32f10x_exti.o(i.EXTI_DeInit), (36 bytes).
    Removing stm32f10x_exti.o(i.EXTI_GenerateSWInterrupt), (16 bytes).
    Removing stm32f10x_exti.o(i.EXTI_GetFlagStatus), (24 bytes).
    Removing stm32f10x_exti.o(i.EXTI_GetITStatus), (40 bytes).
    Removing stm32f10x_exti.o(i.EXTI_Init), (148 bytes).
    Removing stm32f10x_exti.o(i.EXTI_StructInit), (16 bytes).
    Removing stm32f10x_flash.o(i.FLASH_ClearFlag), (12 bytes).
    Removing stm32f10x_flash.o(i.FLASH_EraseAllBank1Pages), (72 bytes).
    Removing stm32f10x_flash.o(i.FLASH_EraseAllPages), (72 bytes).
    Removing stm32f10x_flash.o(i.FLASH_GetFlagStatus), (48 bytes).
    Removing stm32f10x_flash.o(i.FLASH_GetPrefetchBufferStatus), (24 bytes).
    Removing stm32f10x_flash.o(i.FLASH_GetStatus), (52 bytes).
    Removing stm32f10x_flash.o(i.FLASH_HalfCycleAccessCmd), (28 bytes).
    Removing stm32f10x_flash.o(i.FLASH_ITConfig), (32 bytes).
    Removing stm32f10x_flash.o(i.FLASH_Lock), (20 bytes).
    Removing stm32f10x_flash.o(i.FLASH_LockBank1), (20 bytes).
    Removing stm32f10x_flash.o(i.FLASH_PrefetchBufferCmd), (28 bytes).
    Removing stm32f10x_flash.o(i.FLASH_ProgramHalfWord), (64 bytes).
    Removing stm32f10x_flash.o(i.FLASH_ProgramOptionByteData), (84 bytes).
    Removing stm32f10x_flash.o(i.FLASH_ReadOutProtection), (172 bytes).
    Removing stm32f10x_flash.o(i.FLASH_SetLatency), (24 bytes).
    Removing stm32f10x_flash.o(i.FLASH_UnlockBank1), (24 bytes).
    Removing stm32f10x_flash.o(i.FLASH_WaitForLastBank1Operation), (38 bytes).
    Removing stm32f10x_gpio.o(i.GPIO_AFIODeInit), (20 bytes).
    Removing stm32f10x_gpio.o(i.GPIO_DeInit), (200 bytes).
    Removing stm32f10x_gpio.o(i.GPIO_ETH_MediaInterfaceConfig), (12 bytes).
    Removing stm32f10x_gpio.o(i.GPIO_EXTILineConfig), (64 bytes).
    Removing stm32f10x_gpio.o(i.GPIO_EventOutputCmd), (12 bytes).
    Removing stm32f10x_gpio.o(i.GPIO_EventOutputConfig), (32 bytes).
    Removing stm32f10x_gpio.o(i.GPIO_PinLockConfig), (18 bytes).
    Removing stm32f10x_gpio.o(i.GPIO_ReadInputData), (8 bytes).
    Removing stm32f10x_gpio.o(i.GPIO_ReadOutputData), (8 bytes).
    Removing stm32f10x_gpio.o(i.GPIO_ReadOutputDataBit), (18 bytes).
    Removing stm32f10x_gpio.o(i.GPIO_ResetBits), (4 bytes).
    Removing stm32f10x_gpio.o(i.GPIO_SetBits), (4 bytes).
    Removing stm32f10x_gpio.o(i.GPIO_StructInit), (16 bytes).
    Removing stm32f10x_gpio.o(i.GPIO_Write), (4 bytes).
    Removing stm32f10x_gpio.o(i.GPIO_WriteBit), (10 bytes).
    Removing stm32f10x_rcc.o(i.RCC_ADCCLKConfig), (24 bytes).
    Removing stm32f10x_rcc.o(i.RCC_AHBPeriphClockCmd), (32 bytes).
    Removing stm32f10x_rcc.o(i.RCC_AHBPeriphResetCmd), (32 bytes).
    Removing stm32f10x_rcc.o(i.RCC_APB1PeriphClockCmd), (32 bytes).
    Removing stm32f10x_rcc.o(i.RCC_APB1PeriphResetCmd), (32 bytes).
    Removing stm32f10x_rcc.o(i.RCC_APB2PeriphResetCmd), (32 bytes).
    Removing stm32f10x_rcc.o(i.RCC_AdjustHSICalibrationValue), (24 bytes).
    Removing stm32f10x_rcc.o(i.RCC_BackupResetCmd), (12 bytes).
    Removing stm32f10x_rcc.o(i.RCC_ClearFlag), (20 bytes).
    Removing stm32f10x_rcc.o(i.RCC_ClearITPendingBit), (12 bytes).
    Removing stm32f10x_rcc.o(i.RCC_ClockSecuritySystemCmd), (12 bytes).
    Removing stm32f10x_rcc.o(i.RCC_DeInit), (92 bytes).
    Removing stm32f10x_rcc.o(i.RCC_GetFlagStatus), (60 bytes).
    Removing stm32f10x_rcc.o(i.RCC_GetITStatus), (24 bytes).
    Removing stm32f10x_rcc.o(i.RCC_GetSYSCLKSource), (16 bytes).
    Removing stm32f10x_rcc.o(i.RCC_HCLKConfig), (24 bytes).
    Removing stm32f10x_rcc.o(i.RCC_HSEConfig), (76 bytes).
    Removing stm32f10x_rcc.o(i.RCC_HSICmd), (12 bytes).
    Removing stm32f10x_rcc.o(i.RCC_I2S2CLKConfig), (12 bytes).
    Removing stm32f10x_rcc.o(i.RCC_I2S3CLKConfig), (12 bytes).
    Removing stm32f10x_rcc.o(i.RCC_ITConfig), (32 bytes).
    Removing stm32f10x_rcc.o(i.RCC_LSEConfig), (52 bytes).
    Removing stm32f10x_rcc.o(i.RCC_LSICmd), (12 bytes).
    Removing stm32f10x_rcc.o(i.RCC_MCOConfig), (12 bytes).
    Removing stm32f10x_rcc.o(i.RCC_OTGFSCLKConfig), (12 bytes).
    Removing stm32f10x_rcc.o(i.RCC_PCLK1Config), (24 bytes).
    Removing stm32f10x_rcc.o(i.RCC_PCLK2Config), (24 bytes).
    Removing stm32f10x_rcc.o(i.RCC_PLL2Cmd), (12 bytes).
    Removing stm32f10x_rcc.o(i.RCC_PLL2Config), (24 bytes).
    Removing stm32f10x_rcc.o(i.RCC_PLL3Cmd), (12 bytes).
    Removing stm32f10x_rcc.o(i.RCC_PLL3Config), (24 bytes).
    Removing stm32f10x_rcc.o(i.RCC_PLLCmd), (12 bytes).
    Removing stm32f10x_rcc.o(i.RCC_PLLConfig), (28 bytes).
    Removing stm32f10x_rcc.o(i.RCC_PREDIV1Config), (32 bytes).
    Removing stm32f10x_rcc.o(i.RCC_PREDIV2Config), (24 bytes).
    Removing stm32f10x_rcc.o(i.RCC_RTCCLKCmd), (12 bytes).
    Removing stm32f10x_rcc.o(i.RCC_RTCCLKConfig), (16 bytes).
    Removing stm32f10x_rcc.o(i.RCC_SYSCLKConfig), (24 bytes).
    Removing stm32f10x_rcc.o(i.RCC_WaitForHSEStartUp), (56 bytes).
    Removing stm32f10x_usart.o(i.USART_ClearFlag), (18 bytes).
    Removing stm32f10x_usart.o(i.USART_ClearITPendingBit), (30 bytes).
    Removing stm32f10x_usart.o(i.USART_ClockInit), (34 bytes).
    Removing stm32f10x_usart.o(i.USART_ClockStructInit), (12 bytes).
    Removing stm32f10x_usart.o(i.USART_DMACmd), (18 bytes).
    Removing stm32f10x_usart.o(i.USART_DeInit), (156 bytes).
    Removing stm32f10x_usart.o(i.USART_GetITStatus), (84 bytes).
    Removing stm32f10x_usart.o(i.USART_HalfDuplexCmd), (24 bytes).
    Removing stm32f10x_usart.o(i.USART_ITConfig), (74 bytes).
    Removing stm32f10x_usart.o(i.USART_IrDACmd), (24 bytes).
    Removing stm32f10x_usart.o(i.USART_IrDAConfig), (18 bytes).
    Removing stm32f10x_usart.o(i.USART_LINBreakDetectLengthConfig), (18 bytes).
    Removing stm32f10x_usart.o(i.USART_LINCmd), (24 bytes).
    Removing stm32f10x_usart.o(i.USART_OneBitMethodCmd), (24 bytes).
    Removing stm32f10x_usart.o(i.USART_OverSampling8Cmd), (22 bytes).
    Removing stm32f10x_usart.o(i.USART_ReceiveData), (10 bytes).
    Removing stm32f10x_usart.o(i.USART_ReceiverWakeUpCmd), (24 bytes).
    Removing stm32f10x_usart.o(i.USART_SendBreak), (10 bytes).
    Removing stm32f10x_usart.o(i.USART_SetAddress), (18 bytes).
    Removing stm32f10x_usart.o(i.USART_SetGuardTime), (16 bytes).
    Removing stm32f10x_usart.o(i.USART_SetPrescaler), (16 bytes).
    Removing stm32f10x_usart.o(i.USART_SmartCardCmd), (24 bytes).
    Removing stm32f10x_usart.o(i.USART_SmartCardNACKCmd), (24 bytes).
    Removing stm32f10x_usart.o(i.USART_StructInit), (24 bytes).
    Removing stm32f10x_usart.o(i.USART_WakeUpConfig), (18 bytes).
    Removing misc.o(i.NVIC_Init), (112 bytes).
    Removing misc.o(i.NVIC_PriorityGroupConfig), (20 bytes).
    Removing misc.o(i.NVIC_SetVectorTable), (20 bytes).
    Removing misc.o(i.NVIC_SystemLPConfig), (32 bytes).
    Removing misc.o(i.SysTick_CLKSourceConfig), (40 bytes).
    Removing system_stm32f10x.o(i.SystemCoreClockUpdate), (256 bytes).
    Removing system_stm32f10x.o(.data), (20 bytes).
    Removing startup_stm32f10x_hd.o(HEAP), (512 bytes).

133 unused section(s) (total 6268 bytes) removed from the image.

==============================================================================

Image Symbol Table

    Local Symbols

    Symbol Name                              Value     Ov Type        Size  Object(Section)

    ../clib/microlib/init/entry.s            0x00000000   Number         0  entry10a.o ABSOLUTE
    ../clib/microlib/init/entry.s            0x00000000   Number         0  entry9b.o ABSOLUTE
    ../clib/microlib/init/entry.s            0x00000000   Number         0  entry9a.o ABSOLUTE
    ../clib/microlib/init/entry.s            0x00000000   Number         0  entry8b.o ABSOLUTE
    ../clib/microlib/init/entry.s            0x00000000   Number         0  entry8a.o ABSOLUTE
    ../clib/microlib/init/entry.s            0x00000000   Number         0  entry7a.o ABSOLUTE
    ../clib/microlib/init/entry.s            0x00000000   Number         0  entry2.o ABSOLUTE
    ../clib/microlib/init/entry.s            0x00000000   Number         0  entry.o ABSOLUTE
    ../clib/microlib/init/entry.s            0x00000000   Number         0  entry7b.o ABSOLUTE
    ../clib/microlib/init/entry.s            0x00000000   Number         0  entry5.o ABSOLUTE
    ../clib/microlib/init/entry.s            0x00000000   Number         0  entry11b.o ABSOLUTE
    ../clib/microlib/init/entry.s            0x00000000   Number         0  entry11a.o ABSOLUTE
    ../clib/microlib/init/entry.s            0x00000000   Number         0  entry10b.o ABSOLUTE
    ../clib/microlib/string/memcpy.c         0x00000000   Number         0  memcpyb.o ABSOLUTE
    ../clib/microlib/string/memcpy.c         0x00000000   Number         0  memcpya.o ABSOLUTE
    ..\..\Libraries\CMSIS\CM3\CoreSupport\core_cm3.c 0x00000000   Number         0  core_cm3.o ABSOLUTE
    ..\..\Libraries\STM32F10x_StdPeriph_Driver\src\misc.c 0x00000000   Number         0  misc.o ABSOLUTE
    ..\..\Libraries\STM32F10x_StdPeriph_Driver\src\stm32f10x_dma.c 0x00000000   Number         0  stm32f10x_dma.o ABSOLUTE
    ..\..\Libraries\STM32F10x_StdPeriph_Driver\src\stm32f10x_exti.c 0x00000000   Number         0  stm32f10x_exti.o ABSOLUTE
    ..\..\Libraries\STM32F10x_StdPeriph_Driver\src\stm32f10x_flash.c 0x00000000   Number         0  stm32f10x_flash.o ABSOLUTE
    ..\..\Libraries\STM32F10x_StdPeriph_Driver\src\stm32f10x_gpio.c 0x00000000   Number         0  stm32f10x_gpio.o ABSOLUTE
    ..\..\Libraries\STM32F10x_StdPeriph_Driver\src\stm32f10x_rcc.c 0x00000000   Number         0  stm32f10x_rcc.o ABSOLUTE
    ..\..\Libraries\STM32F10x_StdPeriph_Driver\src\stm32f10x_usart.c 0x00000000   Number         0  stm32f10x_usart.o ABSOLUTE
    ..\\..\\Libraries\\CMSIS\\CM3\\CoreSupport\\core_cm3.c 0x00000000   Number         0  core_cm3.o ABSOLUTE
    ..\\src\\stm32f10x_it.c                  0x00000000   Number         0  stm32f10x_it.o ABSOLUTE
    ..\src\common.c                          0x00000000   Number         0  common.o ABSOLUTE
    ..\src\download.c                        0x00000000   Number         0  download.o ABSOLUTE
    ..\src\main.c                            0x00000000   Number         0  main.o ABSOLUTE
    ..\src\stm32f10x_it.c                    0x00000000   Number         0  stm32f10x_it.o ABSOLUTE
    ..\src\system_stm32f10x.c                0x00000000   Number         0  system_stm32f10x.o ABSOLUTE
    ..\src\ymodem.c                          0x00000000   Number         0  ymodem.o ABSOLUTE
    dc.s                                     0x00000000   Number         0  dc.o ABSOLUTE
    handlers.s                               0x00000000   Number         0  handlers.o ABSOLUTE
    init.s                                   0x00000000   Number         0  init.o ABSOLUTE
    startup_stm32f10x_hd.s                   0x00000000   Number         0  startup_stm32f10x_hd.o ABSOLUTE
    RESET                                    0x08000000   Section      304  startup_stm32f10x_hd.o(RESET)
    .ARM.Collect$$$$00000000                 0x08000130   Section        0  entry.o(.ARM.Collect$$$$00000000)
    .ARM.Collect$$$$00000001                 0x08000130   Section        4  entry2.o(.ARM.Collect$$$$00000001)
    .ARM.Collect$$$$00000004                 0x08000134   Section        4  entry5.o(.ARM.Collect$$$$00000004)
    .ARM.Collect$$$$00000008                 0x08000138   Section        0  entry7b.o(.ARM.Collect$$$$00000008)
    .ARM.Collect$$$$0000000A                 0x08000138   Section        0  entry8b.o(.ARM.Collect$$$$0000000A)
    .ARM.Collect$$$$0000000B                 0x08000138   Section        8  entry9a.o(.ARM.Collect$$$$0000000B)
    .ARM.Collect$$$$0000000D                 0x08000140   Section        0  entry10a.o(.ARM.Collect$$$$0000000D)
    .ARM.Collect$$$$0000000F                 0x08000140   Section        0  entry11a.o(.ARM.Collect$$$$0000000F)
    .ARM.Collect$$$$00002712                 0x08000140   Section        4  entry2.o(.ARM.Collect$$$$00002712)
    __lit__00000000                          0x08000140   Data           4  entry2.o(.ARM.Collect$$$$00002712)
    .emb_text                                0x08000144   Section        2  stm32f10x_it.o(.emb_text)
    .emb_text                                0x08000148   Section       32  core_cm3.o(.emb_text)
    .text                                    0x08000168   Section       36  startup_stm32f10x_hd.o(.text)
    .text                                    0x0800018c   Section        0  memcpya.o(.text)
    .text                                    0x080001b0   Section       36  init.o(.text)
    i.ADC1_2_IRQHandler                      0x080001d4   Section        0  stm32f10x_it.o(i.ADC1_2_IRQHandler)
    i.ADC3_IRQHandler                        0x080001de   Section        0  stm32f10x_it.o(i.ADC3_IRQHandler)
    i.BusFault_Handler                       0x080001e8   Section        0  stm32f10x_it.o(i.BusFault_Handler)
    i.CAN1_RX1_IRQHandler                    0x080001ec   Section        0  stm32f10x_it.o(i.CAN1_RX1_IRQHandler)
    i.CAN1_SCE_IRQHandler                    0x080001f6   Section        0  stm32f10x_it.o(i.CAN1_SCE_IRQHandler)
    i.DMA1_Channel1_IRQHandler               0x08000200   Section        0  stm32f10x_it.o(i.DMA1_Channel1_IRQHandler)
    i.DMA1_Channel2_IRQHandler               0x0800020a   Section        0  stm32f10x_it.o(i.DMA1_Channel2_IRQHandler)
    i.DMA1_Channel3_IRQHandler               0x08000214   Section        0  stm32f10x_it.o(i.DMA1_Channel3_IRQHandler)
    i.DMA1_Channel4_IRQHandler               0x0800021e   Section        0  stm32f10x_it.o(i.DMA1_Channel4_IRQHandler)
    i.DMA1_Channel5_IRQHandler               0x08000228   Section        0  stm32f10x_it.o(i.DMA1_Channel5_IRQHandler)
    i.DMA1_Channel6_IRQHandler               0x08000232   Section        0  stm32f10x_it.o(i.DMA1_Channel6_IRQHandler)
    i.DMA1_Channel7_IRQHandler               0x0800023c   Section        0  stm32f10x_it.o(i.DMA1_Channel7_IRQHandler)
    i.DMA2_Channel1_IRQHandler               0x08000246   Section        0  stm32f10x_it.o(i.DMA2_Channel1_IRQHandler)
    i.DMA2_Channel2_IRQHandler               0x08000252   Section        0  stm32f10x_it.o(i.DMA2_Channel2_IRQHandler)
    i.DMA2_Channel3_IRQHandler               0x0800025e   Section        0  stm32f10x_it.o(i.DMA2_Channel3_IRQHandler)
    i.DMA2_Channel4_5_IRQHandler             0x0800026a   Section        0  stm32f10x_it.o(i.DMA2_Channel4_5_IRQHandler)
    i.DebugMon_Handler                       0x08000276   Section        0  stm32f10x_it.o(i.DebugMon_Handler)
    i.EXTI0_IRQHandler                       0x08000278   Section        0  stm32f10x_it.o(i.EXTI0_IRQHandler)
    i.EXTI15_10_IRQHandler                   0x08000282   Section        0  stm32f10x_it.o(i.EXTI15_10_IRQHandler)
    i.EXTI1_IRQHandler                       0x0800028c   Section        0  stm32f10x_it.o(i.EXTI1_IRQHandler)
    i.EXTI2_IRQHandler                       0x08000296   Section        0  stm32f10x_it.o(i.EXTI2_IRQHandler)
    i.EXTI3_IRQHandler                       0x080002a0   Section        0  stm32f10x_it.o(i.EXTI3_IRQHandler)
    i.EXTI4_IRQHandler                       0x080002aa   Section        0  stm32f10x_it.o(i.EXTI4_IRQHandler)
    i.EXTI9_5_IRQHandler                     0x080002b4   Section        0  stm32f10x_it.o(i.EXTI9_5_IRQHandler)
    i.FLASH_DisableWriteProtectionPages      0x080002c0   Section        0  common.o(i.FLASH_DisableWriteProtectionPages)
    i.FLASH_EnableWriteProtection            0x08000400   Section        0  stm32f10x_flash.o(i.FLASH_EnableWriteProtection)
    i.FLASH_EraseOptionBytes                 0x080004c4   Section        0  stm32f10x_flash.o(i.FLASH_EraseOptionBytes)
    i.FLASH_ErasePage                        0x0800056c   Section        0  stm32f10x_flash.o(i.FLASH_ErasePage)
    i.FLASH_GetBank1Status                   0x080005b8   Section        0  stm32f10x_flash.o(i.FLASH_GetBank1Status)
    i.FLASH_GetReadOutProtectionStatus       0x080005ec   Section        0  stm32f10x_flash.o(i.FLASH_GetReadOutProtectionStatus)
    i.FLASH_GetUserOptionByte                0x08000604   Section        0  stm32f10x_flash.o(i.FLASH_GetUserOptionByte)
    i.FLASH_GetWriteProtectionOptionByte     0x08000610   Section        0  stm32f10x_flash.o(i.FLASH_GetWriteProtectionOptionByte)
    i.FLASH_IRQHandler                       0x0800061c   Section        0  stm32f10x_it.o(i.FLASH_IRQHandler)
    i.FLASH_PagesMask                        0x08000626   Section        0  common.o(i.FLASH_PagesMask)
    i.FLASH_ProgramWord                      0x08000640   Section        0  stm32f10x_flash.o(i.FLASH_ProgramWord)
    i.FLASH_Unlock                           0x080006ac   Section        0  stm32f10x_flash.o(i.FLASH_Unlock)
    i.FLASH_UserOptionByteConfig             0x080006c4   Section        0  stm32f10x_flash.o(i.FLASH_UserOptionByteConfig)
    i.FLASH_WaitForLastOperation             0x0800072c   Section        0  stm32f10x_flash.o(i.FLASH_WaitForLastOperation)
    i.FSMC_IRQHandler                        0x08000752   Section        0  stm32f10x_it.o(i.FSMC_IRQHandler)
    i.GPIO_Init                              0x0800075e   Section        0  stm32f10x_gpio.o(i.GPIO_Init)
    i.GPIO_PinRemapConfig                    0x08000874   Section        0  stm32f10x_gpio.o(i.GPIO_PinRemapConfig)
    i.GPIO_ReadInputDataBit                  0x08000904   Section        0  stm32f10x_gpio.o(i.GPIO_ReadInputDataBit)
    i.GetKey                                 0x08000916   Section        0  common.o(i.GetKey)
    i.HardFault_Handler                      0x08000932   Section        0  stm32f10x_it.o(i.HardFault_Handler)
    i.I2C1_ER_IRQHandler                     0x0800093a   Section        0  stm32f10x_it.o(i.I2C1_ER_IRQHandler)
    i.I2C1_EV_IRQHandler                     0x08000944   Section        0  stm32f10x_it.o(i.I2C1_EV_IRQHandler)
    i.I2C2_ER_IRQHandler                     0x0800094e   Section        0  stm32f10x_it.o(i.I2C2_ER_IRQHandler)
    i.I2C2_EV_IRQHandler                     0x08000958   Section        0  stm32f10x_it.o(i.I2C2_EV_IRQHandler)
    i.IAP_Flag_Init                          0x08000964   Section        0  main.o(i.IAP_Flag_Init)
    i.IAP_Init                               0x0800098c   Section        0  main.o(i.IAP_Init)
    IAP_Init                                 0x0800098d   Thumb Code   130  main.o(i.IAP_Init)
    i.Int2Str                                0x08000a18   Section        0  common.o(i.Int2Str)
    i.Main_Menu                              0x08000a70   Section        0  common.o(i.Main_Menu)
    i.MemManage_Handler                      0x08000bb0   Section        0  stm32f10x_it.o(i.MemManage_Handler)
    i.NMI_Handler                            0x08000bb4   Section        0  stm32f10x_it.o(i.NMI_Handler)
    i.PVD_IRQHandler                         0x08000bb6   Section        0  stm32f10x_it.o(i.PVD_IRQHandler)
    i.PendSV_Handler                         0x08000bc0   Section        0  stm32f10x_it.o(i.PendSV_Handler)
    i.RCC_APB2PeriphClockCmd                 0x08000bc4   Section        0  stm32f10x_rcc.o(i.RCC_APB2PeriphClockCmd)
    i.RCC_GetClocksFreq                      0x08000be4   Section        0  stm32f10x_rcc.o(i.RCC_GetClocksFreq)
    i.RCC_IRQHandler                         0x08000d74   Section        0  stm32f10x_it.o(i.RCC_IRQHandler)
    i.RTCAlarm_IRQHandler                    0x08000d7e   Section        0  stm32f10x_it.o(i.RTCAlarm_IRQHandler)
    i.RTC_IRQHandler                         0x08000d88   Section        0  stm32f10x_it.o(i.RTC_IRQHandler)
    i.Receive_Byte                           0x08000d92   Section        0  ymodem.o(i.Receive_Byte)
    Receive_Byte                             0x08000d93   Thumb Code    34  ymodem.o(i.Receive_Byte)
    i.Receive_Packet                         0x08000db4   Section        0  ymodem.o(i.Receive_Packet)
    Receive_Packet                           0x08000db5   Thumb Code   188  ymodem.o(i.Receive_Packet)
    i.SDIO_IRQHandler                        0x08000e70   Section        0  stm32f10x_it.o(i.SDIO_IRQHandler)
    i.SPI1_IRQHandler                        0x08000e7c   Section        0  stm32f10x_it.o(i.SPI1_IRQHandler)
    i.SPI2_IRQHandler                        0x08000e86   Section        0  stm32f10x_it.o(i.SPI2_IRQHandler)
    i.SPI3_IRQHandler                        0x08000e90   Section        0  stm32f10x_it.o(i.SPI3_IRQHandler)
    i.SVC_Handler                            0x08000e9c   Section        0  stm32f10x_it.o(i.SVC_Handler)
    i.Send_Byte                              0x08000e9e   Section        0  ymodem.o(i.Send_Byte)
    Send_Byte                                0x08000e9f   Thumb Code    14  ymodem.o(i.Send_Byte)
    i.SerialDownload                         0x08000eac   Section        0  download.o(i.SerialDownload)
    i.SerialKeyPressed                       0x08001028   Section        0  common.o(i.SerialKeyPressed)
    i.SerialPutChar                          0x0800104c   Section        0  common.o(i.SerialPutChar)
    i.Serial_PutString                       0x0800106c   Section        0  common.o(i.Serial_PutString)
    i.SetSysClock                            0x08001082   Section        0  system_stm32f10x.o(i.SetSysClock)
    SetSysClock                              0x08001083   Thumb Code     8  system_stm32f10x.o(i.SetSysClock)
    i.SetSysClockTo72                        0x0800108c   Section        0  system_stm32f10x.o(i.SetSysClockTo72)
    SetSysClockTo72                          0x0800108d   Thumb Code   264  system_stm32f10x.o(i.SetSysClockTo72)
    i.Str2Int                                0x080011a4   Section        0  common.o(i.Str2Int)
    i.SysTick_Handler                        0x080012a8   Section        0  stm32f10x_it.o(i.SysTick_Handler)
    i.SystemInit                             0x080012ac   Section        0  system_stm32f10x.o(i.SystemInit)
    i.TAMPER_IRQHandler                      0x08001318   Section        0  stm32f10x_it.o(i.TAMPER_IRQHandler)
    i.TIM1_BRK_IRQHandler                    0x08001322   Section        0  stm32f10x_it.o(i.TIM1_BRK_IRQHandler)
    i.TIM1_CC_IRQHandler                     0x0800132c   Section        0  stm32f10x_it.o(i.TIM1_CC_IRQHandler)
    i.TIM1_TRG_COM_IRQHandler                0x08001336   Section        0  stm32f10x_it.o(i.TIM1_TRG_COM_IRQHandler)
    i.TIM1_UP_IRQHandler                     0x08001340   Section        0  stm32f10x_it.o(i.TIM1_UP_IRQHandler)
    i.TIM2_IRQHandler                        0x0800134a   Section        0  stm32f10x_it.o(i.TIM2_IRQHandler)
    i.TIM3_IRQHandler                        0x08001354   Section        0  stm32f10x_it.o(i.TIM3_IRQHandler)
    i.TIM4_IRQHandler                        0x0800135e   Section        0  stm32f10x_it.o(i.TIM4_IRQHandler)
    i.TIM5_IRQHandler                        0x08001368   Section        0  stm32f10x_it.o(i.TIM5_IRQHandler)
    i.TIM6_IRQHandler                        0x08001374   Section        0  stm32f10x_it.o(i.TIM6_IRQHandler)
    i.TIM7_IRQHandler                        0x08001380   Section        0  stm32f10x_it.o(i.TIM7_IRQHandler)
    i.TIM8_BRK_IRQHandler                    0x0800138c   Section        0  stm32f10x_it.o(i.TIM8_BRK_IRQHandler)
    i.TIM8_CC_IRQHandler                     0x08001396   Section        0  stm32f10x_it.o(i.TIM8_CC_IRQHandler)
    i.TIM8_TRG_COM_IRQHandler                0x080013a0   Section        0  stm32f10x_it.o(i.TIM8_TRG_COM_IRQHandler)
    i.TIM8_UP_IRQHandler                     0x080013aa   Section        0  stm32f10x_it.o(i.TIM8_UP_IRQHandler)
    i.UART4_IRQHandler                       0x080013b4   Section        0  stm32f10x_it.o(i.UART4_IRQHandler)
    i.UART5_IRQHandler                       0x080013c0   Section        0  stm32f10x_it.o(i.UART5_IRQHandler)
    i.USART1_IRQHandler                      0x080013cc   Section        0  stm32f10x_it.o(i.USART1_IRQHandler)
    i.USART2_IRQHandler                      0x080013d6   Section        0  stm32f10x_it.o(i.USART2_IRQHandler)
    i.USART3_IRQHandler                      0x080013e0   Section        0  stm32f10x_it.o(i.USART3_IRQHandler)
    i.USART_Cmd                              0x080013ea   Section        0  stm32f10x_usart.o(i.USART_Cmd)
    i.USART_GetFlagStatus                    0x08001402   Section        0  stm32f10x_usart.o(i.USART_GetFlagStatus)
    i.USART_Init                             0x0800141c   Section        0  stm32f10x_usart.o(i.USART_Init)
    i.USART_SendData                         0x080014f4   Section        0  stm32f10x_usart.o(i.USART_SendData)
    i.USBWakeUp_IRQHandler                   0x080014fc   Section        0  stm32f10x_it.o(i.USBWakeUp_IRQHandler)
    i.USB_HP_CAN1_TX_IRQHandler              0x08001506   Section        0  stm32f10x_it.o(i.USB_HP_CAN1_TX_IRQHandler)
    i.USB_LP_CAN1_RX0_IRQHandler             0x08001510   Section        0  stm32f10x_it.o(i.USB_LP_CAN1_RX0_IRQHandler)
    i.UsageFault_Handler                     0x0800151a   Section        0  stm32f10x_it.o(i.UsageFault_Handler)
    i.WWDG_IRQHandler                        0x0800151e   Section        0  stm32f10x_it.o(i.WWDG_IRQHandler)
    i.Ymodem_Receive                         0x08001528   Section        0  ymodem.o(i.Ymodem_Receive)
    i.__scatterload_copy                     0x08001780   Section       14  handlers.o(i.__scatterload_copy)
    i.__scatterload_null                     0x0800178e   Section        2  handlers.o(i.__scatterload_null)
    i.__scatterload_zeroinit                 0x08001790   Section       14  handlers.o(i.__scatterload_zeroinit)
    i.m_enter_func                           0x080017a0   Section        0  stm32f10x_it.o(i.m_enter_func)
    i.main                                   0x080017b4   Section        0  main.o(i.main)
    .conststring                             0x08001a04   Section       74  common.o(.conststring)
    .conststring                             0x08001a50   Section       83  download.o(.conststring)
    .conststring                             0x08001aa4   Section      145  main.o(.conststring)
    .data                                    0x20000000   Section       20  common.o(.data)
    .data                                    0x20000014   Section        4  main.o(.data)
    .data                                    0x20000018   Section       24  ymodem.o(.data)
    .data                                    0x20000030   Section       20  stm32f10x_rcc.o(.data)
    APBAHBPrescTable                         0x20000030   Data          16  stm32f10x_rcc.o(.data)
    ADCPrescTable                            0x20000040   Data           4  stm32f10x_rcc.o(.data)
    .bss                                     0x20000044   Section     1024  download.o(.bss)
    .bss                                     0x20000444   Section      256  ymodem.o(.bss)
    STACK                                    0x20000548   Section     2048  startup_stm32f10x_hd.o(STACK)

    Global Symbols

    Symbol Name                              Value     Ov Type        Size  Object(Section)

    BuildAttributes$$THM_ISAv4$P$D$K$B$S$PE$A:L22UL41UL21$X:L11$S22US41US21$IEEE1$IW$USESV6$~STKCKD$USESV7$~SHL$OSPACE$EBA8$MICROLIB$REQ8$PRES8$EABIv2 0x00000000   Number         0  anon$$obj.o ABSOLUTE
    __ARM_use_no_argv                        0x00000000   Number         0  main.o ABSOLUTE
    __cpp_initialize__aeabi_                  - Undefined Weak Reference
    __cxa_finalize                            - Undefined Weak Reference
    __decompress                              - Undefined Weak Reference
    _clock_init                               - Undefined Weak Reference
    _microlib_exit                            - Undefined Weak Reference
    __Vectors_Size                           0x00000130   Number         0  startup_stm32f10x_hd.o ABSOLUTE
    __Vectors                                0x08000000   Data           4  startup_stm32f10x_hd.o(RESET)
    __Vectors_End                            0x08000130   Data           0  startup_stm32f10x_hd.o(RESET)
    __main                                   0x08000131   Thumb Code     0  entry.o(.ARM.Collect$$$$00000000)
    _main_stk                                0x08000131   Thumb Code     0  entry2.o(.ARM.Collect$$$$00000001)
    _main_scatterload                        0x08000135   Thumb Code     0  entry5.o(.ARM.Collect$$$$00000004)
    __main_after_scatterload                 0x08000139   Thumb Code     0  entry5.o(.ARM.Collect$$$$00000004)
    _main_clock                              0x08000139   Thumb Code     0  entry7b.o(.ARM.Collect$$$$00000008)
    _main_cpp_init                           0x08000139   Thumb Code     0  entry8b.o(.ARM.Collect$$$$0000000A)
    _main_init                               0x08000139   Thumb Code     0  entry9a.o(.ARM.Collect$$$$0000000B)
    __rt_final_cpp                           0x08000141   Thumb Code     0  entry10a.o(.ARM.Collect$$$$0000000D)
    __rt_final_exit                          0x08000141   Thumb Code     0  entry11a.o(.ARM.Collect$$$$0000000F)
    wait                                     0x08000145   Thumb Code     2  stm32f10x_it.o(.emb_text)
    __get_PSP                                0x08000149   Thumb Code     6  core_cm3.o(.emb_text)
    __set_PSP                                0x0800014f   Thumb Code     6  core_cm3.o(.emb_text)
    __get_MSP                                0x08000155   Thumb Code     6  core_cm3.o(.emb_text)
    __set_MSP                                0x0800015b   Thumb Code     6  core_cm3.o(.emb_text)
    __REV16                                  0x08000161   Thumb Code     4  core_cm3.o(.emb_text)
    __REVSH                                  0x08000165   Thumb Code     4  core_cm3.o(.emb_text)
    Reset_Handler                            0x08000169   Thumb Code     8  startup_stm32f10x_hd.o(.text)
    __aeabi_memcpy                           0x0800018d   Thumb Code    36  memcpya.o(.text)
    __aeabi_memcpy4                          0x0800018d   Thumb Code     0  memcpya.o(.text)
    __aeabi_memcpy8                          0x0800018d   Thumb Code     0  memcpya.o(.text)
    __scatterload                            0x080001b1   Thumb Code    28  init.o(.text)
    __scatterload_rt2                        0x080001b1   Thumb Code     0  init.o(.text)
    ADC1_2_IRQHandler                        0x080001d5   Thumb Code    10  stm32f10x_it.o(i.ADC1_2_IRQHandler)
    ADC3_IRQHandler                          0x080001df   Thumb Code    10  stm32f10x_it.o(i.ADC3_IRQHandler)
    BusFault_Handler                         0x080001e9   Thumb Code     4  stm32f10x_it.o(i.BusFault_Handler)
    CAN1_RX1_IRQHandler                      0x080001ed   Thumb Code    10  stm32f10x_it.o(i.CAN1_RX1_IRQHandler)
    CAN1_SCE_IRQHandler                      0x080001f7   Thumb Code    10  stm32f10x_it.o(i.CAN1_SCE_IRQHandler)
    DMA1_Channel1_IRQHandler                 0x08000201   Thumb Code    10  stm32f10x_it.o(i.DMA1_Channel1_IRQHandler)
    DMA1_Channel2_IRQHandler                 0x0800020b   Thumb Code    10  stm32f10x_it.o(i.DMA1_Channel2_IRQHandler)
    DMA1_Channel3_IRQHandler                 0x08000215   Thumb Code    10  stm32f10x_it.o(i.DMA1_Channel3_IRQHandler)
    DMA1_Channel4_IRQHandler                 0x0800021f   Thumb Code    10  stm32f10x_it.o(i.DMA1_Channel4_IRQHandler)
    DMA1_Channel5_IRQHandler                 0x08000229   Thumb Code    10  stm32f10x_it.o(i.DMA1_Channel5_IRQHandler)
    DMA1_Channel6_IRQHandler                 0x08000233   Thumb Code    10  stm32f10x_it.o(i.DMA1_Channel6_IRQHandler)
    DMA1_Channel7_IRQHandler                 0x0800023d   Thumb Code    10  stm32f10x_it.o(i.DMA1_Channel7_IRQHandler)
    DMA2_Channel1_IRQHandler                 0x08000247   Thumb Code    12  stm32f10x_it.o(i.DMA2_Channel1_IRQHandler)
    DMA2_Channel2_IRQHandler                 0x08000253   Thumb Code    12  stm32f10x_it.o(i.DMA2_Channel2_IRQHandler)
    DMA2_Channel3_IRQHandler                 0x0800025f   Thumb Code    12  stm32f10x_it.o(i.DMA2_Channel3_IRQHandler)
    DMA2_Channel4_5_IRQHandler               0x0800026b   Thumb Code    12  stm32f10x_it.o(i.DMA2_Channel4_5_IRQHandler)
    DebugMon_Handler                         0x08000277   Thumb Code     2  stm32f10x_it.o(i.DebugMon_Handler)
    EXTI0_IRQHandler                         0x08000279   Thumb Code    10  stm32f10x_it.o(i.EXTI0_IRQHandler)
    EXTI15_10_IRQHandler                     0x08000283   Thumb Code    10  stm32f10x_it.o(i.EXTI15_10_IRQHandler)
    EXTI1_IRQHandler                         0x0800028d   Thumb Code    10  stm32f10x_it.o(i.EXTI1_IRQHandler)
    EXTI2_IRQHandler                         0x08000297   Thumb Code    10  stm32f10x_it.o(i.EXTI2_IRQHandler)
    EXTI3_IRQHandler                         0x080002a1   Thumb Code    10  stm32f10x_it.o(i.EXTI3_IRQHandler)
    EXTI4_IRQHandler                         0x080002ab   Thumb Code    10  stm32f10x_it.o(i.EXTI4_IRQHandler)
    EXTI9_5_IRQHandler                       0x080002b5   Thumb Code    10  stm32f10x_it.o(i.EXTI9_5_IRQHandler)
    FLASH_DisableWriteProtectionPages        0x080002c1   Thumb Code   192  common.o(i.FLASH_DisableWriteProtectionPages)
    FLASH_EnableWriteProtection              0x08000401   Thumb Code   180  stm32f10x_flash.o(i.FLASH_EnableWriteProtection)
    FLASH_EraseOptionBytes                   0x080004c5   Thumb Code   150  stm32f10x_flash.o(i.FLASH_EraseOptionBytes)
    FLASH_ErasePage                          0x0800056d   Thumb Code    72  stm32f10x_flash.o(i.FLASH_ErasePage)
    FLASH_GetBank1Status                     0x080005b9   Thumb Code    48  stm32f10x_flash.o(i.FLASH_GetBank1Status)
    FLASH_GetReadOutProtectionStatus         0x080005ed   Thumb Code    20  stm32f10x_flash.o(i.FLASH_GetReadOutProtectionStatus)
    FLASH_GetUserOptionByte                  0x08000605   Thumb Code     8  stm32f10x_flash.o(i.FLASH_GetUserOptionByte)
    FLASH_GetWriteProtectionOptionByte       0x08000611   Thumb Code     6  stm32f10x_flash.o(i.FLASH_GetWriteProtectionOptionByte)
    FLASH_IRQHandler                         0x0800061d   Thumb Code    10  stm32f10x_it.o(i.FLASH_IRQHandler)
    FLASH_PagesMask                          0x08000627   Thumb Code    24  common.o(i.FLASH_PagesMask)
    FLASH_ProgramWord                        0x08000641   Thumb Code   102  stm32f10x_flash.o(i.FLASH_ProgramWord)
    FLASH_Unlock                             0x080006ad   Thumb Code    12  stm32f10x_flash.o(i.FLASH_Unlock)
    FLASH_UserOptionByteConfig               0x080006c5   Thumb Code    86  stm32f10x_flash.o(i.FLASH_UserOptionByteConfig)
    FLASH_WaitForLastOperation               0x0800072d   Thumb Code    38  stm32f10x_flash.o(i.FLASH_WaitForLastOperation)
    FSMC_IRQHandler                          0x08000753   Thumb Code    12  stm32f10x_it.o(i.FSMC_IRQHandler)
    GPIO_Init                                0x0800075f   Thumb Code   278  stm32f10x_gpio.o(i.GPIO_Init)
    GPIO_PinRemapConfig                      0x08000875   Thumb Code   138  stm32f10x_gpio.o(i.GPIO_PinRemapConfig)
    GPIO_ReadInputDataBit                    0x08000905   Thumb Code    18  stm32f10x_gpio.o(i.GPIO_ReadInputDataBit)
    GetKey                                   0x08000917   Thumb Code    28  common.o(i.GetKey)
    HardFault_Handler                        0x08000933   Thumb Code     8  stm32f10x_it.o(i.HardFault_Handler)
    I2C1_ER_IRQHandler                       0x0800093b   Thumb Code    10  stm32f10x_it.o(i.I2C1_ER_IRQHandler)
    I2C1_EV_IRQHandler                       0x08000945   Thumb Code    10  stm32f10x_it.o(i.I2C1_EV_IRQHandler)
    I2C2_ER_IRQHandler                       0x0800094f   Thumb Code    10  stm32f10x_it.o(i.I2C2_ER_IRQHandler)
    I2C2_EV_IRQHandler                       0x08000959   Thumb Code    10  stm32f10x_it.o(i.I2C2_EV_IRQHandler)
    IAP_Flag_Init                            0x08000965   Thumb Code    36  main.o(i.IAP_Flag_Init)
    Int2Str                                  0x08000a19   Thumb Code    84  common.o(i.Int2Str)
    Main_Menu                                0x08000a71   Thumb Code   174  common.o(i.Main_Menu)
    MemManage_Handler                        0x08000bb1   Thumb Code     4  stm32f10x_it.o(i.MemManage_Handler)
    NMI_Handler                              0x08000bb5   Thumb Code     2  stm32f10x_it.o(i.NMI_Handler)
    PVD_IRQHandler                           0x08000bb7   Thumb Code    10  stm32f10x_it.o(i.PVD_IRQHandler)
    PendSV_Handler                           0x08000bc1   Thumb Code     2  stm32f10x_it.o(i.PendSV_Handler)
    RCC_APB2PeriphClockCmd                   0x08000bc5   Thumb Code    26  stm32f10x_rcc.o(i.RCC_APB2PeriphClockCmd)
    RCC_GetClocksFreq                        0x08000be5   Thumb Code   374  stm32f10x_rcc.o(i.RCC_GetClocksFreq)
    RCC_IRQHandler                           0x08000d75   Thumb Code    10  stm32f10x_it.o(i.RCC_IRQHandler)
    RTCAlarm_IRQHandler                      0x08000d7f   Thumb Code    10  stm32f10x_it.o(i.RTCAlarm_IRQHandler)
    RTC_IRQHandler                           0x08000d89   Thumb Code    10  stm32f10x_it.o(i.RTC_IRQHandler)
    SDIO_IRQHandler                          0x08000e71   Thumb Code    12  stm32f10x_it.o(i.SDIO_IRQHandler)
    SPI1_IRQHandler                          0x08000e7d   Thumb Code    10  stm32f10x_it.o(i.SPI1_IRQHandler)
    SPI2_IRQHandler                          0x08000e87   Thumb Code    10  stm32f10x_it.o(i.SPI2_IRQHandler)
    SPI3_IRQHandler                          0x08000e91   Thumb Code    12  stm32f10x_it.o(i.SPI3_IRQHandler)
    SVC_Handler                              0x08000e9d   Thumb Code     2  stm32f10x_it.o(i.SVC_Handler)
    SerialDownload                           0x08000ead   Thumb Code   120  download.o(i.SerialDownload)
    SerialKeyPressed                         0x08001029   Thumb Code    30  common.o(i.SerialKeyPressed)
    SerialPutChar                            0x0800104d   Thumb Code    28  common.o(i.SerialPutChar)
    Serial_PutString                         0x0800106d   Thumb Code    22  common.o(i.Serial_PutString)
    Str2Int                                  0x080011a5   Thumb Code   260  common.o(i.Str2Int)
    SysTick_Handler                          0x080012a9   Thumb Code     2  stm32f10x_it.o(i.SysTick_Handler)
    SystemInit                               0x080012ad   Thumb Code    92  system_stm32f10x.o(i.SystemInit)
    TAMPER_IRQHandler                        0x08001319   Thumb Code    10  stm32f10x_it.o(i.TAMPER_IRQHandler)
    TIM1_BRK_IRQHandler                      0x08001323   Thumb Code    10  stm32f10x_it.o(i.TIM1_BRK_IRQHandler)
    TIM1_CC_IRQHandler                       0x0800132d   Thumb Code    10  stm32f10x_it.o(i.TIM1_CC_IRQHandler)
    TIM1_TRG_COM_IRQHandler                  0x08001337   Thumb Code    10  stm32f10x_it.o(i.TIM1_TRG_COM_IRQHandler)
    TIM1_UP_IRQHandler                       0x08001341   Thumb Code    10  stm32f10x_it.o(i.TIM1_UP_IRQHandler)
    TIM2_IRQHandler                          0x0800134b   Thumb Code    10  stm32f10x_it.o(i.TIM2_IRQHandler)
    TIM3_IRQHandler                          0x08001355   Thumb Code    10  stm32f10x_it.o(i.TIM3_IRQHandler)
    TIM4_IRQHandler                          0x0800135f   Thumb Code    10  stm32f10x_it.o(i.TIM4_IRQHandler)
    TIM5_IRQHandler                          0x08001369   Thumb Code    12  stm32f10x_it.o(i.TIM5_IRQHandler)
    TIM6_IRQHandler                          0x08001375   Thumb Code    12  stm32f10x_it.o(i.TIM6_IRQHandler)
    TIM7_IRQHandler                          0x08001381   Thumb Code    12  stm32f10x_it.o(i.TIM7_IRQHandler)
    TIM8_BRK_IRQHandler                      0x0800138d   Thumb Code    10  stm32f10x_it.o(i.TIM8_BRK_IRQHandler)
    TIM8_CC_IRQHandler                       0x08001397   Thumb Code    10  stm32f10x_it.o(i.TIM8_CC_IRQHandler)
    TIM8_TRG_COM_IRQHandler                  0x080013a1   Thumb Code    10  stm32f10x_it.o(i.TIM8_TRG_COM_IRQHandler)
    TIM8_UP_IRQHandler                       0x080013ab   Thumb Code    10  stm32f10x_it.o(i.TIM8_UP_IRQHandler)
    UART4_IRQHandler                         0x080013b5   Thumb Code    12  stm32f10x_it.o(i.UART4_IRQHandler)
    UART5_IRQHandler                         0x080013c1   Thumb Code    12  stm32f10x_it.o(i.UART5_IRQHandler)
    USART1_IRQHandler                        0x080013cd   Thumb Code    10  stm32f10x_it.o(i.USART1_IRQHandler)
    USART2_IRQHandler                        0x080013d7   Thumb Code    10  stm32f10x_it.o(i.USART2_IRQHandler)
    USART3_IRQHandler                        0x080013e1   Thumb Code    10  stm32f10x_it.o(i.USART3_IRQHandler)
    USART_Cmd                                0x080013eb   Thumb Code    24  stm32f10x_usart.o(i.USART_Cmd)
    USART_GetFlagStatus                      0x08001403   Thumb Code    26  stm32f10x_usart.o(i.USART_GetFlagStatus)
    USART_Init                               0x0800141d   Thumb Code   210  stm32f10x_usart.o(i.USART_Init)
    USART_SendData                           0x080014f5   Thumb Code     8  stm32f10x_usart.o(i.USART_SendData)
    USBWakeUp_IRQHandler                     0x080014fd   Thumb Code    10  stm32f10x_it.o(i.USBWakeUp_IRQHandler)
    USB_HP_CAN1_TX_IRQHandler                0x08001507   Thumb Code    10  stm32f10x_it.o(i.USB_HP_CAN1_TX_IRQHandler)
    USB_LP_CAN1_RX0_IRQHandler               0x08001511   Thumb Code    10  stm32f10x_it.o(i.USB_LP_CAN1_RX0_IRQHandler)
    UsageFault_Handler                       0x0800151b   Thumb Code     4  stm32f10x_it.o(i.UsageFault_Handler)
    WWDG_IRQHandler                          0x0800151f   Thumb Code    10  stm32f10x_it.o(i.WWDG_IRQHandler)
    Ymodem_Receive                           0x08001529   Thumb Code   568  ymodem.o(i.Ymodem_Receive)
    __scatterload_copy                       0x08001781   Thumb Code    14  handlers.o(i.__scatterload_copy)
    __scatterload_null                       0x0800178f   Thumb Code     2  handlers.o(i.__scatterload_null)
    __scatterload_zeroinit                   0x08001791   Thumb Code    14  handlers.o(i.__scatterload_zeroinit)
    m_enter_func                             0x080017a1   Thumb Code    14  stm32f10x_it.o(i.m_enter_func)
    main                                     0x080017b5   Thumb Code   174  main.o(i.main)
    Region$$Table$$Base                      0x08001b38   Number         0  anon$$obj.o(Region$$Table)
    Region$$Table$$Limit                     0x08001b58   Number         0  anon$$obj.o(Region$$Table)
    Jump_To_Application                      0x20000000   Data           4  common.o(.data)
    JumpAddress                              0x20000004   Data           4  common.o(.data)
    BlockNbr                                 0x20000008   Data           4  common.o(.data)
    UserMemoryMask                           0x2000000c   Data           4  common.o(.data)
    FlashProtection                          0x20000010   Data           4  common.o(.data)
    key_flag                                 0x20000014   Data           4  main.o(.data)
    FlashDestination                         0x20000018   Data           4  ymodem.o(.data)
    PageSize                                 0x2000001c   Data           2  ymodem.o(.data)
    EraseCounter                             0x20000020   Data           4  ymodem.o(.data)
    NbrOfPage                                0x20000024   Data           4  ymodem.o(.data)
    FLASHStatus                              0x20000028   Data           1  ymodem.o(.data)
    RamSource                                0x2000002c   Data           4  ymodem.o(.data)
    tab_1024                                 0x20000044   Data        1024  download.o(.bss)
    file_name                                0x20000444   Data         256  ymodem.o(.bss)
    __initial_sp                             0x20000d48   Data           0  startup_stm32f10x_hd.o(STACK)



==============================================================================

Memory Map of the image

  Image Entry point : 0x08000131

  Load Region LR_IROM1 (Base: 0x08000000, Size: 0x00001b9c, Max: 0x00040000, ABSOLUTE)

    Execution Region ER_IROM1 (Base: 0x08000000, Size: 0x00001b58, Max: 0x00040000, ABSOLUTE)

    Base Addr    Size         Type   Attr      Idx    E Section Name        Object

    0x08000000   0x00000130   Data   RO         1627    RESET               startup_stm32f10x_hd.o
    0x08000130   0x00000000   Code   RO         1632  * .ARM.Collect$$$$00000000  mc_w.l(entry.o)
    0x08000130   0x00000004   Code   RO         1639    .ARM.Collect$$$$00000001  mc_w.l(entry2.o)
    0x08000134   0x00000004   Code   RO         1642    .ARM.Collect$$$$00000004  mc_w.l(entry5.o)
    0x08000138   0x00000000   Code   RO         1644    .ARM.Collect$$$$00000008  mc_w.l(entry7b.o)
    0x08000138   0x00000000   Code   RO         1646    .ARM.Collect$$$$0000000A  mc_w.l(entry8b.o)
    0x08000138   0x00000008   Code   RO         1647    .ARM.Collect$$$$0000000B  mc_w.l(entry9a.o)
    0x08000140   0x00000000   Code   RO         1649    .ARM.Collect$$$$0000000D  mc_w.l(entry10a.o)
    0x08000140   0x00000000   Code   RO         1651    .ARM.Collect$$$$0000000F  mc_w.l(entry11a.o)
    0x08000140   0x00000004   Code   RO         1640    .ARM.Collect$$$$00002712  mc_w.l(entry2.o)
    0x08000144   0x00000002   Code   RO          180    .emb_text           stm32f10x_it.o
    0x08000146   0x00000002   PAD
    0x08000148   0x00000020   Code   RO         1615    .emb_text           core_cm3.o
    0x08000168   0x00000024   Code   RO         1628    .text               startup_stm32f10x_hd.o
    0x0800018c   0x00000024   Code   RO         1635    .text               mc_w.l(memcpya.o)
    0x080001b0   0x00000024   Code   RO         1653    .text               mc_w.l(init.o)
    0x080001d4   0x0000000a   Code   RO          181    i.ADC1_2_IRQHandler  stm32f10x_it.o
    0x080001de   0x0000000a   Code   RO          182    i.ADC3_IRQHandler   stm32f10x_it.o
    0x080001e8   0x00000004   Code   RO          183    i.BusFault_Handler  stm32f10x_it.o
    0x080001ec   0x0000000a   Code   RO          184    i.CAN1_RX1_IRQHandler  stm32f10x_it.o
    0x080001f6   0x0000000a   Code   RO          185    i.CAN1_SCE_IRQHandler  stm32f10x_it.o
    0x08000200   0x0000000a   Code   RO          186    i.DMA1_Channel1_IRQHandler  stm32f10x_it.o
    0x0800020a   0x0000000a   Code   RO          187    i.DMA1_Channel2_IRQHandler  stm32f10x_it.o
    0x08000214   0x0000000a   Code   RO          188    i.DMA1_Channel3_IRQHandler  stm32f10x_it.o
    0x0800021e   0x0000000a   Code   RO          189    i.DMA1_Channel4_IRQHandler  stm32f10x_it.o
    0x08000228   0x0000000a   Code   RO          190    i.DMA1_Channel5_IRQHandler  stm32f10x_it.o
    0x08000232   0x0000000a   Code   RO          191    i.DMA1_Channel6_IRQHandler  stm32f10x_it.o
    0x0800023c   0x0000000a   Code   RO          192    i.DMA1_Channel7_IRQHandler  stm32f10x_it.o
    0x08000246   0x0000000c   Code   RO          193    i.DMA2_Channel1_IRQHandler  stm32f10x_it.o
    0x08000252   0x0000000c   Code   RO          194    i.DMA2_Channel2_IRQHandler  stm32f10x_it.o
    0x0800025e   0x0000000c   Code   RO          195    i.DMA2_Channel3_IRQHandler  stm32f10x_it.o
    0x0800026a   0x0000000c   Code   RO          196    i.DMA2_Channel4_5_IRQHandler  stm32f10x_it.o
    0x08000276   0x00000002   Code   RO          197    i.DebugMon_Handler  stm32f10x_it.o
    0x08000278   0x0000000a   Code   RO          198    i.EXTI0_IRQHandler  stm32f10x_it.o
    0x08000282   0x0000000a   Code   RO          199    i.EXTI15_10_IRQHandler  stm32f10x_it.o
    0x0800028c   0x0000000a   Code   RO          200    i.EXTI1_IRQHandler  stm32f10x_it.o
    0x08000296   0x0000000a   Code   RO          201    i.EXTI2_IRQHandler  stm32f10x_it.o
    0x080002a0   0x0000000a   Code   RO          202    i.EXTI3_IRQHandler  stm32f10x_it.o
    0x080002aa   0x0000000a   Code   RO          203    i.EXTI4_IRQHandler  stm32f10x_it.o
    0x080002b4   0x0000000a   Code   RO          204    i.EXTI9_5_IRQHandler  stm32f10x_it.o
    0x080002be   0x00000002   PAD
    0x080002c0   0x00000140   Code   RO            1    i.FLASH_DisableWriteProtectionPages  common.o
    0x08000400   0x000000c4   Code   RO          824    i.FLASH_EnableWriteProtection  stm32f10x_flash.o
    0x080004c4   0x000000a8   Code   RO          827    i.FLASH_EraseOptionBytes  stm32f10x_flash.o
    0x0800056c   0x0000004c   Code   RO          828    i.FLASH_ErasePage   stm32f10x_flash.o
    0x080005b8   0x00000034   Code   RO          829    i.FLASH_GetBank1Status  stm32f10x_flash.o
    0x080005ec   0x00000018   Code   RO          832    i.FLASH_GetReadOutProtectionStatus  stm32f10x_flash.o
    0x08000604   0x0000000c   Code   RO          834    i.FLASH_GetUserOptionByte  stm32f10x_flash.o
    0x08000610   0x0000000c   Code   RO          835    i.FLASH_GetWriteProtectionOptionByte  stm32f10x_flash.o
    0x0800061c   0x0000000a   Code   RO          205    i.FLASH_IRQHandler  stm32f10x_it.o
    0x08000626   0x00000018   Code   RO            2    i.FLASH_PagesMask   common.o
    0x0800063e   0x00000002   PAD
    0x08000640   0x0000006c   Code   RO          843    i.FLASH_ProgramWord  stm32f10x_flash.o
    0x080006ac   0x00000018   Code   RO          846    i.FLASH_Unlock      stm32f10x_flash.o
    0x080006c4   0x00000068   Code   RO          848    i.FLASH_UserOptionByteConfig  stm32f10x_flash.o
    0x0800072c   0x00000026   Code   RO          850    i.FLASH_WaitForLastOperation  stm32f10x_flash.o
    0x08000752   0x0000000c   Code   RO          206    i.FSMC_IRQHandler   stm32f10x_it.o
    0x0800075e   0x00000116   Code   RO         1003    i.GPIO_Init         stm32f10x_gpio.o
    0x08000874   0x00000090   Code   RO         1005    i.GPIO_PinRemapConfig  stm32f10x_gpio.o
    0x08000904   0x00000012   Code   RO         1007    i.GPIO_ReadInputDataBit  stm32f10x_gpio.o
    0x08000916   0x0000001c   Code   RO            5    i.GetKey            common.o
    0x08000932   0x00000008   Code   RO          207    i.HardFault_Handler  stm32f10x_it.o
    0x0800093a   0x0000000a   Code   RO          208    i.I2C1_ER_IRQHandler  stm32f10x_it.o
    0x08000944   0x0000000a   Code   RO          209    i.I2C1_EV_IRQHandler  stm32f10x_it.o
    0x0800094e   0x0000000a   Code   RO          210    i.I2C2_ER_IRQHandler  stm32f10x_it.o
    0x08000958   0x0000000a   Code   RO          211    i.I2C2_EV_IRQHandler  stm32f10x_it.o
    0x08000962   0x00000002   PAD
    0x08000964   0x00000028   Code   RO          152    i.IAP_Flag_Init     main.o
    0x0800098c   0x0000008c   Code   RO          153    i.IAP_Init          main.o
    0x08000a18   0x00000058   Code   RO            6    i.Int2Str           common.o
    0x08000a70   0x00000140   Code   RO            7    i.Main_Menu         common.o
    0x08000bb0   0x00000004   Code   RO          212    i.MemManage_Handler  stm32f10x_it.o
    0x08000bb4   0x00000002   Code   RO          213    i.NMI_Handler       stm32f10x_it.o
    0x08000bb6   0x0000000a   Code   RO          214    i.PVD_IRQHandler    stm32f10x_it.o
    0x08000bc0   0x00000002   Code   RO          215    i.PendSV_Handler    stm32f10x_it.o
    0x08000bc2   0x00000002   PAD
    0x08000bc4   0x00000020   Code   RO         1116    i.RCC_APB2PeriphClockCmd  stm32f10x_rcc.o
    0x08000be4   0x00000190   Code   RO         1124    i.RCC_GetClocksFreq  stm32f10x_rcc.o
    0x08000d74   0x0000000a   Code   RO          216    i.RCC_IRQHandler    stm32f10x_it.o
    0x08000d7e   0x0000000a   Code   RO          217    i.RTCAlarm_IRQHandler  stm32f10x_it.o
    0x08000d88   0x0000000a   Code   RO          218    i.RTC_IRQHandler    stm32f10x_it.o
    0x08000d92   0x00000022   Code   RO          616    i.Receive_Byte      ymodem.o
    0x08000db4   0x000000bc   Code   RO          617    i.Receive_Packet    ymodem.o
    0x08000e70   0x0000000c   Code   RO          219    i.SDIO_IRQHandler   stm32f10x_it.o
    0x08000e7c   0x0000000a   Code   RO          220    i.SPI1_IRQHandler   stm32f10x_it.o
    0x08000e86   0x0000000a   Code   RO          221    i.SPI2_IRQHandler   stm32f10x_it.o
    0x08000e90   0x0000000c   Code   RO          222    i.SPI3_IRQHandler   stm32f10x_it.o
    0x08000e9c   0x00000002   Code   RO          223    i.SVC_Handler       stm32f10x_it.o
    0x08000e9e   0x0000000e   Code   RO          618    i.Send_Byte         ymodem.o
    0x08000eac   0x0000017c   Code   RO          131    i.SerialDownload    download.o
    0x08001028   0x00000024   Code   RO            8    i.SerialKeyPressed  common.o
    0x0800104c   0x00000020   Code   RO            9    i.SerialPutChar     common.o
    0x0800106c   0x00000016   Code   RO           10    i.Serial_PutString  common.o
    0x08001082   0x00000008   Code   RO         1581    i.SetSysClock       system_stm32f10x.o
    0x0800108a   0x00000002   PAD
    0x0800108c   0x00000118   Code   RO         1582    i.SetSysClockTo72   system_stm32f10x.o
    0x080011a4   0x00000104   Code   RO           11    i.Str2Int           common.o
    0x080012a8   0x00000002   Code   RO          224    i.SysTick_Handler   stm32f10x_it.o
    0x080012aa   0x00000002   PAD
    0x080012ac   0x0000006c   Code   RO         1584    i.SystemInit        system_stm32f10x.o
    0x08001318   0x0000000a   Code   RO          225    i.TAMPER_IRQHandler  stm32f10x_it.o
    0x08001322   0x0000000a   Code   RO          226    i.TIM1_BRK_IRQHandler  stm32f10x_it.o
    0x0800132c   0x0000000a   Code   RO          227    i.TIM1_CC_IRQHandler  stm32f10x_it.o
    0x08001336   0x0000000a   Code   RO          228    i.TIM1_TRG_COM_IRQHandler  stm32f10x_it.o
    0x08001340   0x0000000a   Code   RO          229    i.TIM1_UP_IRQHandler  stm32f10x_it.o
    0x0800134a   0x0000000a   Code   RO          230    i.TIM2_IRQHandler   stm32f10x_it.o
    0x08001354   0x0000000a   Code   RO          231    i.TIM3_IRQHandler   stm32f10x_it.o
    0x0800135e   0x0000000a   Code   RO          232    i.TIM4_IRQHandler   stm32f10x_it.o
    0x08001368   0x0000000c   Code   RO          233    i.TIM5_IRQHandler   stm32f10x_it.o
    0x08001374   0x0000000c   Code   RO          234    i.TIM6_IRQHandler   stm32f10x_it.o
    0x08001380   0x0000000c   Code   RO          235    i.TIM7_IRQHandler   stm32f10x_it.o
    0x0800138c   0x0000000a   Code   RO          236    i.TIM8_BRK_IRQHandler  stm32f10x_it.o
    0x08001396   0x0000000a   Code   RO          237    i.TIM8_CC_IRQHandler  stm32f10x_it.o
    0x080013a0   0x0000000a   Code   RO          238    i.TIM8_TRG_COM_IRQHandler  stm32f10x_it.o
    0x080013aa   0x0000000a   Code   RO          239    i.TIM8_UP_IRQHandler  stm32f10x_it.o
    0x080013b4   0x0000000c   Code   RO          240    i.UART4_IRQHandler  stm32f10x_it.o
    0x080013c0   0x0000000c   Code   RO          241    i.UART5_IRQHandler  stm32f10x_it.o
    0x080013cc   0x0000000a   Code   RO          242    i.USART1_IRQHandler  stm32f10x_it.o
    0x080013d6   0x0000000a   Code   RO          243    i.USART2_IRQHandler  stm32f10x_it.o
    0x080013e0   0x0000000a   Code   RO          244    i.USART3_IRQHandler  stm32f10x_it.o
    0x080013ea   0x00000018   Code   RO         1369    i.USART_Cmd         stm32f10x_usart.o
    0x08001402   0x0000001a   Code   RO         1372    i.USART_GetFlagStatus  stm32f10x_usart.o
    0x0800141c   0x000000d8   Code   RO         1376    i.USART_Init        stm32f10x_usart.o
    0x080014f4   0x00000008   Code   RO         1386    i.USART_SendData    stm32f10x_usart.o
    0x080014fc   0x0000000a   Code   RO          245    i.USBWakeUp_IRQHandler  stm32f10x_it.o
    0x08001506   0x0000000a   Code   RO          246    i.USB_HP_CAN1_TX_IRQHandler  stm32f10x_it.o
    0x08001510   0x0000000a   Code   RO          247    i.USB_LP_CAN1_RX0_IRQHandler  stm32f10x_it.o
    0x0800151a   0x00000004   Code   RO          248    i.UsageFault_Handler  stm32f10x_it.o
    0x0800151e   0x0000000a   Code   RO          249    i.WWDG_IRQHandler   stm32f10x_it.o
    0x08001528   0x00000258   Code   RO          623    i.Ymodem_Receive    ymodem.o
    0x08001780   0x0000000e   Code   RO         1657    i.__scatterload_copy  mc_w.l(handlers.o)
    0x0800178e   0x00000002   Code   RO         1658    i.__scatterload_null  mc_w.l(handlers.o)
    0x08001790   0x0000000e   Code   RO         1659    i.__scatterload_zeroinit  mc_w.l(handlers.o)
    0x0800179e   0x00000002   PAD
    0x080017a0   0x00000014   Code   RO          250    i.m_enter_func      stm32f10x_it.o
    0x080017b4   0x00000250   Code   RO          154    i.main              main.o
    0x08001a04   0x0000004a   Data   RO           12    .conststring        common.o
    0x08001a4e   0x00000002   PAD
    0x08001a50   0x00000053   Data   RO          133    .conststring        download.o
    0x08001aa3   0x00000001   PAD
    0x08001aa4   0x00000091   Data   RO          155    .conststring        main.o
    0x08001b35   0x00000003   PAD
    0x08001b38   0x00000020   Data   RO         1655    Region$$Table       anon$$obj.o


    Execution Region RW_IRAM1 (Base: 0x20000000, Size: 0x00000d48, Max: 0x00010000, ABSOLUTE)

    Base Addr    Size         Type   Attr      Idx    E Section Name        Object

    0x20000000   0x00000014   Data   RW           13    .data               common.o
    0x20000014   0x00000004   Data   RW          156    .data               main.o
    0x20000018   0x00000018   Data   RW          627    .data               ymodem.o
    0x20000030   0x00000014   Data   RW         1152    .data               stm32f10x_rcc.o
    0x20000044   0x00000400   Zero   RW          132    .bss                download.o
    0x20000444   0x00000100   Zero   RW          626    .bss                ymodem.o
    0x20000544   0x00000004   PAD
    0x20000548   0x00000800   Zero   RW         1625    STACK               startup_stm32f10x_hd.o


==============================================================================

Image component sizes


      Code (inc. data)   RO Data    RW Data    ZI Data      Debug   Object Name

      1130        288         74         20          0     281757   common.o
        32          0          0          0          0        632   core_cm3.o
       380        260         83          0       1024       1292   download.o
       772        432        145          4          0       2002   main.o
        36          8        304          0       2048        812   startup_stm32f10x_hd.o
       814         92          0          0          0       9339   stm32f10x_flash.o
       440          6          0          0          0       3798   stm32f10x_gpio.o
       676          6          0          0          0      35687   stm32f10x_it.o
       432         32          0         20          0       5013   stm32f10x_rcc.o
       274          6          0          0          0       4476   stm32f10x_usart.o
       396         32          0          0          0       2089   system_stm32f10x.o
       836         32          0         24        256       4543   ymodem.o

    ----------------------------------------------------------------------
      6232       1194        644         68       3332     351440   Object Totals
         0          0         32          0          0          0   (incl. Generated)
        14          0          6          0          4          0   (incl. Padding)

    ----------------------------------------------------------------------

      Code (inc. data)   RO Data    RW Data    ZI Data      Debug   Library Member Name

         0          0          0          0          0          0   entry.o
         0          0          0          0          0          0   entry10a.o
         0          0          0          0          0          0   entry11a.o
         8          4          0          0          0          0   entry2.o
         4          0          0          0          0          0   entry5.o
         0          0          0          0          0          0   entry7b.o
         0          0          0          0          0          0   entry8b.o
         8          4          0          0          0          0   entry9a.o
        30          0          0          0          0          0   handlers.o
        36          8          0          0          0         68   init.o
        36          0          0          0          0         68   memcpya.o

    ----------------------------------------------------------------------
       124         16          0          0          0        136   Library Totals
         2          0          0          0          0          0   (incl. Padding)

    ----------------------------------------------------------------------

      Code (inc. data)   RO Data    RW Data    ZI Data      Debug   Library Name

       122         16          0          0          0        136   mc_w.l

    ----------------------------------------------------------------------
       124         16          0          0          0        136   Library Totals

    ----------------------------------------------------------------------

==============================================================================


      Code (inc. data)   RO Data    RW Data    ZI Data      Debug   

      6356       1210        644         68       3332     346164   Grand Totals
      6356       1210        644         68       3332     346164   ELF Image Totals
      6356       1210        644         68          0          0   ROM Totals

==============================================================================

    Total RO  Size (Code + RO Data)                 7000 (   6.84kB)
    Total RW  Size (RW Data + ZI Data)              3400 (   3.32kB)
    Total ROM Size (Code + RO Data + RW Data)       7068 (   6.90kB)

==============================================================================

